
> hr-system-frontend@1.0.0 test
> vitest run --run


[1m[46m RUN [49m[22m [36mv3.2.4 [39m[90mC:/Users/hassa/Desktop/hr-management-system/hr-system-demo-frontend[39m

 [32mΓ£ô[39m src/test/authTokenStorage.test.ts [2m([22m[2m8 tests[22m[2m)[22m[32m 7[2mms[22m[39m
node.exe : [90mstderr[2m | 
src/test/offlineSync.test.ts[2m > 
[22m[2museOfflineSync[2m > 
[22m[2mpreserves queue if sync 
POST fails
At line:1 char:1
+ & "C:\Program 
Files\nodejs/node.exe" "C:\Program 
Files\nodejs/node_mo ...
+ ~~~~~~~~~~~~~~~~~~~~~~~~~~~~~~~~~
~~~~~~~~~~~~~~~~~~~~~~~~~~~~~~~~~~~
~
    + CategoryInfo          : NotS 
   pecified: ([90mstderr[2m...s  
  ync POST fails:String) [], Rem   
 oteException
    + FullyQualifiedErrorId : Nati 
   veCommandError
 
[22m[39m[OfflineSync] 
Sincronizzazione fallita ΓÇö dati 
conservati per il prossimo 
tentativo.

 [32mΓ£ô[39m src/test/offlineSync.test.ts [2m([22m[2m6 tests[22m[2m)[22m[32m 53[2mms[22m[39m
[90mstdout[2m | src/test/scanPage.test.tsx
[22m[39m≡ƒîÉ i18next is made possible by our own product, Locize ΓÇö consider powering your project with managed localization (AI, CDN, integrations): https://locize.com ≡ƒÆÖ

[90mstdout[2m | src/test/employeeList.test.tsx
[22m[39m≡ƒîÉ i18next is made possible by our own product, Locize ΓÇö consider powering your project with managed localization (AI, CDN, integrations): https://locize.com ≡ƒÆÖ

[90mstdout[2m | src/test/auth.test.tsx
[22m[39m≡ƒîÉ i18next is made possible by our own product, Locize ΓÇö consider powering your project with managed localization (AI, CDN, integrations): https://locize.com ≡ƒÆÖ

[90mstdout[2m | src/test/permissionsPanelCompanyScope.test.tsx
[22m[39m≡ƒîÉ i18next is made possible by our own product, Locize ΓÇö consider powering your project with managed localization (AI, CDN, integrations): https://locize.com ≡ƒÆÖ

[90mstdout[2m | src/test/terminalPage.test.tsx
[22m[39m≡ƒîÉ i18next is made possible by our own product, Locize ΓÇö consider powering your project with managed localization (AI, CDN, integrations): https://locize.com ≡ƒÆÖ

[90mstdout[2m | src/test/sidebarPermissions.test.tsx
[22m[39m≡ƒîÉ i18next is made possible by our own product, Locize ΓÇö consider powering your project with managed localization (AI, CDN, integrations): https://locize.com ≡ƒÆÖ

[90mstdout[2m | src/test/shiftDrawer.test.tsx
[22m[39m≡ƒîÉ i18next is made possible by our own product, Locize ΓÇö consider powering your project with managed localization (AI, CDN, integrations): https://locize.com ≡ƒÆÖ

[90mstderr[2m | 
src/test/scanPage.test.tsx[2m > 
[22m[2mScanPage ΓÇö no token in 
URL[2m > [22m[2mshows "no QR 
code detected" state when token 
param is absent
[22m[39mΓÜá∩╕Å React Router 
Future Flag Warning: React Router 
will begin wrapping state updates 
in `React.startTransition` in v7. 
You can use the 
`v7_startTransition` future flag 
to opt-in early. For more 
information, see https://reactroute
r.com/v6/upgrading/future#v7_startt
ransition.
ΓÜá∩╕Å React Router Future Flag 
Warning: Relative route resolution 
within Splat routes is changing in 
v7. You can use the 
`v7_relativeSplatPath` future flag 
to opt-in early. For more 
information, see https://reactroute
r.com/v6/upgrading/future#v7_relati
vesplatpath.

[90mstderr[2m | 
src/test/terminalPage.test.tsx[2m 
> [22m[2mTerminalPage ΓÇö no 
store assigned[2m > 
[22m[2mshows "no store assigned" 
message when storeId is null
[22m[39mΓÜá∩╕Å React Router 
Future Flag Warning: React Router 
will begin wrapping state updates 
in `React.startTransition` in v7. 
You can use the 
`v7_startTransition` future flag 
to opt-in early. For more 
information, see https://reactroute
r.com/v6/upgrading/future#v7_startt
ransition.
ΓÜá∩╕Å React Router Future Flag 
Warning: Relative route resolution 
within Splat routes is changing in 
v7. You can use the 
`v7_relativeSplatPath` future flag 
to opt-in early. For more 
information, see https://reactroute
r.com/v6/upgrading/future#v7_relati
vesplatpath.

[90mstderr[2m | src/test/protecte
dRoutePermissions.test.tsx[2m > 
[22m[2mProtectedRoute permission 
behavior[2m > [22m[2mallows 
super admin even when permission 
key is disabled
[22m[39mΓÜá∩╕Å React Router 
Future Flag Warning: React Router 
will begin wrapping state updates 
in `React.startTransition` in v7. 
You can use the 
`v7_startTransition` future flag 
to opt-in early. For more 
information, see https://reactroute
r.com/v6/upgrading/future#v7_startt
ransition.
ΓÜá∩╕Å React Router Future Flag 
Warning: Relative route resolution 
within Splat routes is changing in 
v7. You can use the 
`v7_relativeSplatPath` future flag 
to opt-in early. For more 
information, see https://reactroute
r.com/v6/upgrading/future#v7_relati
vesplatpath.

 [32mΓ£ô[39m src/test/protectedRoutePermissions.test.tsx [2m([22m[2m1 test[22m[2m)[22m[32m 56[2mms[22m[39m
[90mstderr[2m | 
src/test/auth.test.tsx[2m > 
[22m[2mLoginPage[2m > 
[22m[2mrenders email field, 
password field and submit button
[22m[39mΓÜá∩╕Å React Router 
Future Flag Warning: React Router 
will begin wrapping state updates 
in `React.startTransition` in v7. 
You can use the 
`v7_startTransition` future flag 
to opt-in early. For more 
information, see https://reactroute
r.com/v6/upgrading/future#v7_startt
ransition.
ΓÜá∩╕Å React Router Future Flag 
Warning: Relative route resolution 
within Splat routes is changing in 
v7. You can use the 
`v7_relativeSplatPath` future flag 
to opt-in early. For more 
information, see https://reactroute
r.com/v6/upgrading/future#v7_relati
vesplatpath.

[90mstderr[2m | 
src/test/employeeList.test.tsx[2m 
> [22m[2mEmployeeList[2m > 
[22m[2mshows a loading state 
initially before data resolves
[22m[39mΓÜá∩╕Å React Router 
Future Flag Warning: React Router 
will begin wrapping state updates 
in `React.startTransition` in v7. 
You can use the 
`v7_startTransition` future flag 
to opt-in early. For more 
information, see https://reactroute
r.com/v6/upgrading/future#v7_startt
ransition.
ΓÜá∩╕Å React Router Future Flag 
Warning: Relative route resolution 
within Splat routes is changing in 
v7. You can use the 
`v7_relativeSplatPath` future flag 
to opt-in early. For more 
information, see https://reactroute
r.com/v6/upgrading/future#v7_relati
vesplatpath.
Warning: An update to EmployeeList 
inside a test was not wrapped in 
act(...).

When testing, code that causes 
React state updates should be 
wrapped into act(...):

act(() => {
  /* fire events that update state 
*/
});
/* assert on the output */

This ensures that you're testing 
the behavior the user would see in 
the browser. Learn more at https://
reactjs.org/link/wrap-tests-with-ac
t
    at EmployeeList (C:\Users\hassa
\Desktop\hr-management-system\hr-sy
stem-demo-frontend\src\modules\empl
oyees\EmployeeList.tsx:52:42)
    at Router (C:\Users\hassa\Deskt
op\hr-management-system\hr-system-d
emo-frontend\node_modules\react-rou
ter\dist\umd\react-router.developme
nt.js:1207:17)
    at MemoryRouter (C:\Users\hassa
\Desktop\hr-management-system\hr-sy
stem-demo-frontend\node_modules\rea
ct-router\dist\umd\react-router.dev
elopment.js:1101:7)
    at I18nextProvider (file:///C:/
Users/hassa/Desktop/hr-management-s
ystem/hr-system-demo-frontend/node_
modules/react-i18next/dist/es/I18ne
xtProvider.js:4:3)
Warning: An update to EmployeeList 
inside a test was not wrapped in 
act(...).

When testing, code that causes 
React state updates should be 
wrapped into act(...):

act(() => {
  /* fire events that update state 
*/
});
/* assert on the output */

This ensures that you're testing 
the behavior the user would see in 
the browser. Learn more at https://
reactjs.org/link/wrap-tests-with-ac
t
    at EmployeeList (C:\Users\hassa
\Desktop\hr-management-system\hr-sy
stem-demo-frontend\src\modules\empl
oyees\EmployeeList.tsx:52:42)
    at Router (C:\Users\hassa\Deskt
op\hr-management-system\hr-system-d
emo-frontend\node_modules\react-rou
ter\dist\umd\react-router.developme
nt.js:1207:17)
    at MemoryRouter (C:\Users\hassa
\Desktop\hr-management-system\hr-sy
stem-demo-frontend\node_modules\rea
ct-router\dist\umd\react-router.dev
elopment.js:1101:7)
    at I18nextProvider (file:///C:/
Users/hassa/Desktop/hr-management-s
ystem/hr-system-demo-frontend/node_
modules/react-i18next/dist/es/I18ne
xtProvider.js:4:3)

 [32mΓ£ô[39m src/test/leaveApprovalSuperAdmin.test.tsx [2m([22m[2m4 tests[22m[2m)[22m[32m 251[2mms[22m[39m
[90mstderr[2m | 
src/test/shiftDrawer.test.tsx[2m 
> [22m[2mShiftDrawer ΓÇö create 
mode[2m > [22m[2mform starts 
empty in create mode (no shift 
prop)
[22m[39mΓÜá∩╕Å React Router 
Future Flag Warning: React Router 
will begin wrapping state updates 
in `React.startTransition` in v7. 
You can use the 
`v7_startTransition` future flag 
to opt-in early. For more 
information, see https://reactroute
r.com/v6/upgrading/future#v7_startt
ransition.
ΓÜá∩╕Å React Router Future Flag 
Warning: Relative route resolution 
within Splat routes is changing in 
v7. You can use the 
`v7_relativeSplatPath` future flag 
to opt-in early. For more 
information, see https://reactroute
r.com/v6/upgrading/future#v7_relati
vesplatpath.

[90mstderr[2m | 
src/test/shiftDrawer.test.tsx[2m 
> [22m[2mShiftDrawer ΓÇö create 
mode[2m > [22m[2mform starts 
empty in create mode (no shift 
prop)
[22m[39mWarning: An update to 
ShiftDrawer inside a test was not 
wrapped in act(...).

When testing, code that causes 
React state updates should be 
wrapped into act(...):

act(() => {
  /* fire events that update state 
*/
});
/* assert on the output */

This ensures that you're testing 
the behavior the user would see in 
the browser. Learn more at https://
reactjs.org/link/wrap-tests-with-ac
t
    at ShiftDrawer (C:\Users\hassa\
Desktop\hr-management-system\hr-sys
tem-demo-frontend\src\modules\shift
s\ShiftDrawer.tsx:46:24)
    at Router (C:\Users\hassa\Deskt
op\hr-management-system\hr-system-d
emo-frontend\node_modules\react-rou
ter\dist\umd\react-router.developme
nt.js:1207:17)
    at MemoryRouter (C:\Users\hassa
\Desktop\hr-management-system\hr-sy
stem-demo-frontend\node_modules\rea
ct-router\dist\umd\react-router.dev
elopment.js:1101:7)
    at I18nextProvider (file:///C:/
Users/hassa/Desktop/hr-management-s
ystem/hr-system-demo-frontend/node_
modules/react-i18next/dist/es/I18ne
xtProvider.js:4:3)
Warning: An update to ShiftDrawer 
inside a test was not wrapped in 
act(...).

When testing, code that causes 
React state updates should be 
wrapped into act(...):

act(() => {
  /* fire events that update state 
*/
});
/* assert on the output */

This ensures that you're testing 
the behavior the user would see in 
the browser. Learn more at https://
reactjs.org/link/wrap-tests-with-ac
t
    at ShiftDrawer (C:\Users\hassa\
Desktop\hr-management-system\hr-sys
tem-demo-frontend\src\modules\shift
s\ShiftDrawer.tsx:46:24)
    at Router (C:\Users\hassa\Deskt
op\hr-management-system\hr-system-d
emo-frontend\node_modules\react-rou
ter\dist\umd\react-router.developme
nt.js:1207:17)
    at MemoryRouter (C:\Users\hassa
\Desktop\hr-management-system\hr-sy
stem-demo-frontend\node_modules\rea
ct-router\dist\umd\react-router.dev
elopment.js:1101:7)
    at I18nextProvider (file:///C:/
Users/hassa/Desktop/hr-management-s
ystem/hr-system-demo-frontend/node_
modules/react-i18next/dist/es/I18ne
xtProvider.js:4:3)

[90mstderr[2m | src/test/sidebarP
ermissions.test.tsx[2m > 
[22m[2mSidebar permissions 
visibility[2m > [22m[2mshows 
permissions item for admin with 
impostazioni enabled
[22m[39mΓÜá∩╕Å React Router 
Future Flag Warning: React Router 
will begin wrapping state updates 
in `React.startTransition` in v7. 
You can use the 
`v7_startTransition` future flag 
to opt-in early. For more 
information, see https://reactroute
r.com/v6/upgrading/future#v7_startt
ransition.
ΓÜá∩╕Å React Router Future Flag 
Warning: Relative route resolution 
within Splat routes is changing in 
v7. You can use the 
`v7_relativeSplatPath` future flag 
to opt-in early. For more 
information, see https://reactroute
r.com/v6/upgrading/future#v7_relati
vesplatpath.

[90mstderr[2m | 
src/test/terminalPage.test.tsx[2m 
> [22m[2mTerminalPage ΓÇö 
offline mode[2m > [22m[2mshows 
offline title when isOnline is 
false
[22m[39mWarning: An update to 
TerminalPage inside a test was not 
wrapped in act(...).

When testing, code that causes 
React state updates should be 
wrapped into act(...):

act(() => {
  /* fire events that update state 
*/
});
/* assert on the output */

This ensures that you're testing 
the behavior the user would see in 
the browser. Learn more at https://
reactjs.org/link/wrap-tests-with-ac
t
    at TerminalPage (C:\Users\hassa
\Desktop\hr-management-system\hr-sy
stem-demo-frontend\src\modules\atte
ndance\TerminalPage.tsx:31:45)
    at Router (C:\Users\hassa\Deskt
op\hr-management-system\hr-system-d
emo-frontend\node_modules\react-rou
ter\dist\umd\react-router.developme
nt.js:1207:17)
    at MemoryRouter (C:\Users\hassa
\Desktop\hr-management-system\hr-sy
stem-demo-frontend\node_modules\rea
ct-router\dist\umd\react-router.dev
elopment.js:1101:7)
    at I18nextProvider (file:///C:/
Users/hassa/Desktop/hr-management-s
ystem/hr-system-demo-frontend/node_
modules/react-i18next/dist/es/I18ne
xtProvider.js:4:3)
Warning: An update to TerminalPage 
inside a test was not wrapped in 
act(...).

When testing, code that causes 
React state updates should be 
wrapped into act(...):

act(() => {
  /* fire events that update state 
*/
});
/* assert on the output */

This ensures that you're testing 
the behavior the user would see in 
the browser. Learn more at https://
reactjs.org/link/wrap-tests-with-ac
t
    at TerminalPage (C:\Users\hassa
\Desktop\hr-management-system\hr-sy
stem-demo-frontend\src\modules\atte
ndance\TerminalPage.tsx:31:45)
    at Router (C:\Users\hassa\Deskt
op\hr-management-system\hr-system-d
emo-frontend\node_modules\react-rou
ter\dist\umd\react-router.developme
nt.js:1207:17)
    at MemoryRouter (C:\Users\hassa
\Desktop\hr-management-system\hr-sy
stem-demo-frontend\node_modules\rea
ct-router\dist\umd\react-router.dev
elopment.js:1101:7)
    at I18nextProvider (file:///C:/
Users/hassa/Desktop/hr-management-s
ystem/hr-system-demo-frontend/node_
modules/react-i18next/dist/es/I18ne
xtProvider.js:4:3)
Warning: An update to TerminalPage 
inside a test was not wrapped in 
act(...).

When testing, code that causes 
React state updates should be 
wrapped into act(...):

act(() => {
  /* fire events that update state 
*/
});
/* assert on the output */

This ensures that you're testing 
the behavior the user would see in 
the browser. Learn more at https://
reactjs.org/link/wrap-tests-with-ac
t
    at TerminalPage (C:\Users\hassa
\Desktop\hr-management-system\hr-sy
stem-demo-frontend\src\modules\atte
ndance\TerminalPage.tsx:31:45)
    at Router (C:\Users\hassa\Deskt
op\hr-management-system\hr-system-d
emo-frontend\node_modules\react-rou
ter\dist\umd\react-router.developme
nt.js:1207:17)
    at MemoryRouter (C:\Users\hassa
\Desktop\hr-management-system\hr-sy
stem-demo-frontend\node_modules\rea
ct-router\dist\umd\react-router.dev
elopment.js:1101:7)
    at I18nextProvider (file:///C:/
Users/hassa/Desktop/hr-management-s
ystem/hr-system-demo-frontend/node_
modules/react-i18next/dist/es/I18ne
xtProvider.js:4:3)
Warning: An update to TerminalPage 
inside a test was not wrapped in 
act(...).

When testing, code that causes 
React state updates should be 
wrapped into act(...):

act(() => {
  /* fire events that update state 
*/
});
/* assert on the output */

This ensures that you're testing 
the behavior the user would see in 
the browser. Learn more at https://
reactjs.org/link/wrap-tests-with-ac
t
    at TerminalPage (C:\Users\hassa
\Desktop\hr-management-system\hr-sy
stem-demo-frontend\src\modules\atte
ndance\TerminalPage.tsx:31:45)
    at Router (C:\Users\hassa\Deskt
op\hr-management-system\hr-system-d
emo-frontend\node_modules\react-rou
ter\dist\umd\react-router.developme
nt.js:1207:17)
    at MemoryRouter (C:\Users\hassa
\Desktop\hr-management-system\hr-sy
stem-demo-frontend\node_modules\rea
ct-router\dist\umd\react-router.dev
elopment.js:1101:7)
    at I18nextProvider (file:///C:/
Users/hassa/Desktop/hr-management-s
ystem/hr-system-demo-frontend/node_
modules/react-i18next/dist/es/I18ne
xtProvider.js:4:3)

[90mstderr[2m | 
src/test/auth.test.tsx[2m > 
[22m[2mLoginPage[2m > 
[22m[2mdisables the submit 
button while the form is submitting
[22m[39mWarning: An update to 
LoginPage inside a test was not 
wrapped in act(...).

When testing, code that causes 
React state updates should be 
wrapped into act(...):

act(() => {
  /* fire events that update state 
*/
});
/* assert on the output */

This ensures that you're testing 
the behavior the user would see in 
the browser. Learn more at https://
reactjs.org/link/wrap-tests-with-ac
t
    at LoginPage (C:\Users\hassa\De
sktop\hr-management-system\hr-syste
m-demo-frontend\src\modules\auth\Lo
ginPage.tsx:304:42)
    at Router (C:\Users\hassa\Deskt
op\hr-management-system\hr-system-d
emo-frontend\node_modules\react-rou
ter\dist\umd\react-router.developme
nt.js:1207:17)
    at MemoryRouter (C:\Users\hassa
\Desktop\hr-management-system\hr-sy
stem-demo-frontend\node_modules\rea
ct-router\dist\umd\react-router.dev
elopment.js:1101:7)
    at I18nextProvider (file:///C:/
Users/hassa/Desktop/hr-management-s
ystem/hr-system-demo-frontend/node_
modules/react-i18next/dist/es/I18ne
xtProvider.js:4:3)

 [32mΓ£ô[39m src/test/scanPage.test.tsx [2m([22m[2m7 tests[22m[2m)[22m[33m 530[2mms[22m[39m
[90mstderr[2m | 
src/test/terminalPage.test.tsx[2m 
> [22m[2mTerminalPage ΓÇö 
offline mode[2m > 
[22m[2mrenders 4 offline action 
buttons
[22m[39mWarning: An update to 
TerminalPage inside a test was not 
wrapped in act(...).

When testing, code that causes 
React state updates should be 
wrapped into act(...):

act(() => {
  /* fire events that update state 
*/
});
/* assert on the output */

This ensures that you're testing 
the behavior the user would see in 
the browser. Learn more at https://
reactjs.org/link/wrap-tests-with-ac
t
    at TerminalPage (C:\Users\hassa
\Desktop\hr-management-system\hr-sy
stem-demo-frontend\src\modules\atte
ndance\TerminalPage.tsx:31:45)
    at Router (C:\Users\hassa\Deskt
op\hr-management-system\hr-system-d
emo-frontend\node_modules\react-rou
ter\dist\umd\react-router.developme
nt.js:1207:17)
    at MemoryRouter (C:\Users\hassa
\Desktop\hr-management-system\hr-sy
stem-demo-frontend\node_modules\rea
ct-router\dist\umd\react-router.dev
elopment.js:1101:7)
    at I18nextProvider (file:///C:/
Users/hassa/Desktop/hr-management-s
ystem/hr-system-demo-frontend/node_
modules/react-i18next/dist/es/I18ne
xtProvider.js:4:3)
Warning: An update to TerminalPage 
inside a test was not wrapped in 
act(...).

When testing, code that causes 
React state updates should be 
wrapped into act(...):

act(() => {
  /* fire events that update state 
*/
});
/* assert on the output */

This ensures that you're testing 
the behavior the user would see in 
the browser. Learn more at https://
reactjs.org/link/wrap-tests-with-ac
t
    at TerminalPage (C:\Users\hassa
\Desktop\hr-management-system\hr-sy
stem-demo-frontend\src\modules\atte
ndance\TerminalPage.tsx:31:45)
    at Router (C:\Users\hassa\Deskt
op\hr-management-system\hr-system-d
emo-frontend\node_modules\react-rou
ter\dist\umd\react-router.developme
nt.js:1207:17)
    at MemoryRouter (C:\Users\hassa
\Desktop\hr-management-system\hr-sy
stem-demo-frontend\node_modules\rea
ct-router\dist\umd\react-router.dev
elopment.js:1101:7)
    at I18nextProvider (file:///C:/
Users/hassa/Desktop/hr-management-s
ystem/hr-system-demo-frontend/node_
modules/react-i18next/dist/es/I18ne
xtProvider.js:4:3)
Warning: An update to TerminalPage 
inside a test was not wrapped in 
act(...).

When testing, code that causes 
React state updates should be 
wrapped into act(...):

act(() => {
  /* fire events that update state 
*/
});
/* assert on the output */

This ensures that you're testing 
the behavior the user would see in 
the browser. Learn more at https://
reactjs.org/link/wrap-tests-with-ac
t
    at TerminalPage (C:\Users\hassa
\Desktop\hr-management-system\hr-sy
stem-demo-frontend\src\modules\atte
ndance\TerminalPage.tsx:31:45)
    at Router (C:\Users\hassa\Deskt
op\hr-management-system\hr-system-d
emo-frontend\node_modules\react-rou
ter\dist\umd\react-router.developme
nt.js:1207:17)
    at MemoryRouter (C:\Users\hassa
\Desktop\hr-management-system\hr-sy
stem-demo-frontend\node_modules\rea
ct-router\dist\umd\react-router.dev
elopment.js:1101:7)
    at I18nextProvider (file:///C:/
Users/hassa/Desktop/hr-management-s
ystem/hr-system-demo-frontend/node_
modules/react-i18next/dist/es/I18ne
xtProvider.js:4:3)
Warning: An update to TerminalPage 
inside a test was not wrapped in 
act(...).

When testing, code that causes 
React state updates should be 
wrapped into act(...):

act(() => {
  /* fire events that update state 
*/
});
/* assert on the output */

This ensures that you're testing 
the behavior the user would see in 
the browser. Learn more at https://
reactjs.org/link/wrap-tests-with-ac
t
    at TerminalPage (C:\Users\hassa
\Desktop\hr-management-system\hr-sy
stem-demo-frontend\src\modules\atte
ndance\TerminalPage.tsx:31:45)
    at Router (C:\Users\hassa\Deskt
op\hr-management-system\hr-system-d
emo-frontend\node_modules\react-rou
ter\dist\umd\react-router.developme
nt.js:1207:17)
    at MemoryRouter (C:\Users\hassa
\Desktop\hr-management-system\hr-sy
stem-demo-frontend\node_modules\rea
ct-router\dist\umd\react-router.dev
elopment.js:1101:7)
    at I18nextProvider (file:///C:/
Users/hassa/Desktop/hr-management-s
ystem/hr-system-demo-frontend/node_
modules/react-i18next/dist/es/I18ne
xtProvider.js:4:3)

 [32mΓ£ô[39m src/test/auth.test.tsx [2m([22m[2m4 tests[22m[2m)[22m[33m 551[2mms[22m[39m
[90mstderr[2m | 
src/test/terminalPage.test.tsx[2m 
> [22m[2mTerminalPage ΓÇö 
offline mode[2m > [22m[2mshows 
error when offline action clicked 
with no employee code entered
[22m[39mWarning: An update to 
TerminalPage inside a test was not 
wrapped in act(...).

When testing, code that causes 
React state updates should be 
wrapped into act(...):

act(() => {
  /* fire events that update state 
*/
});
/* assert on the output */

This ensures that you're testing 
the behavior the user would see in 
the browser. Learn more at https://
reactjs.org/link/wrap-tests-with-ac
t
    at TerminalPage (C:\Users\hassa
\Desktop\hr-management-system\hr-sy
stem-demo-frontend\src\modules\atte
ndance\TerminalPage.tsx:31:45)
    at Router (C:\Users\hassa\Deskt
op\hr-management-system\hr-system-d
emo-frontend\node_modules\react-rou
ter\dist\umd\react-router.developme
nt.js:1207:17)
    at MemoryRouter (C:\Users\hassa
\Desktop\hr-management-system\hr-sy
stem-demo-frontend\node_modules\rea
ct-router\dist\umd\react-router.dev
elopment.js:1101:7)
    at I18nextProvider (file:///C:/
Users/hassa/Desktop/hr-management-s
ystem/hr-system-demo-frontend/node_
modules/react-i18next/dist/es/I18ne
xtProvider.js:4:3)
Warning: An update to TerminalPage 
inside a test was not wrapped in 
act(...).

When testing, code that causes 
React state updates should be 
wrapped into act(...):

act(() => {
  /* fire events that update state 
*/
});
/* assert on the output */

This ensures that you're testing 
the behavior the user would see in 
the browser. Learn more at https://
reactjs.org/link/wrap-tests-with-ac
t
    at TerminalPage (C:\Users\hassa
\Desktop\hr-management-system\hr-sy
stem-demo-frontend\src\modules\atte
ndance\TerminalPage.tsx:31:45)
    at Router (C:\Users\hassa\Deskt
op\hr-management-system\hr-system-d
emo-frontend\node_modules\react-rou
ter\dist\umd\react-router.developme
nt.js:1207:17)
    at MemoryRouter (C:\Users\hassa
\Desktop\hr-management-system\hr-sy
stem-demo-frontend\node_modules\rea
ct-router\dist\umd\react-router.dev
elopment.js:1101:7)
    at I18nextProvider (file:///C:/
Users/hassa/Desktop/hr-management-s
ystem/hr-system-demo-frontend/node_
modules/react-i18next/dist/es/I18ne
xtProvider.js:4:3)
Warning: An update to TerminalPage 
inside a test was not wrapped in 
act(...).

When testing, code that causes 
React state updates should be 
wrapped into act(...):

act(() => {
  /* fire events that update state 
*/
});
/* assert on the output */

This ensures that you're testing 
the behavior the user would see in 
the browser. Learn more at https://
reactjs.org/link/wrap-tests-with-ac
t
    at TerminalPage (C:\Users\hassa
\Desktop\hr-management-system\hr-sy
stem-demo-frontend\src\modules\atte
ndance\TerminalPage.tsx:31:45)
    at Router (C:\Users\hassa\Deskt
op\hr-management-system\hr-system-d
emo-frontend\node_modules\react-rou
ter\dist\umd\react-router.developme
nt.js:1207:17)
    at MemoryRouter (C:\Users\hassa
\Desktop\hr-management-system\hr-sy
stem-demo-frontend\node_modules\rea
ct-router\dist\umd\react-router.dev
elopment.js:1101:7)
    at I18nextProvider (file:///C:/
Users/hassa/Desktop/hr-management-s
ystem/hr-system-demo-frontend/node_
modules/react-i18next/dist/es/I18ne
xtProvider.js:4:3)
Warning: An update to TerminalPage 
inside a test was not wrapped in 
act(...).

When testing, code that causes 
React state updates should be 
wrapped into act(...):

act(() => {
  /* fire events that update state 
*/
});
/* assert on the output */

This ensures that you're testing 
the behavior the user would see in 
the browser. Learn more at https://
reactjs.org/link/wrap-tests-with-ac
t
    at TerminalPage (C:\Users\hassa
\Desktop\hr-management-system\hr-sy
stem-demo-frontend\src\modules\atte
ndance\TerminalPage.tsx:31:45)
    at Router (C:\Users\hassa\Deskt
op\hr-management-system\hr-system-d
emo-frontend\node_modules\react-rou
ter\dist\umd\react-router.developme
nt.js:1207:17)
    at MemoryRouter (C:\Users\hassa
\Desktop\hr-management-system\hr-sy
stem-demo-frontend\node_modules\rea
ct-router\dist\umd\react-router.dev
elopment.js:1101:7)
    at I18nextProvider (file:///C:/
Users/hassa/Desktop/hr-management-s
ystem/hr-system-demo-frontend/node_
modules/react-i18next/dist/es/I18ne
xtProvider.js:4:3)

 [32mΓ£ô[39m src/test/sidebarPermissions.test.tsx [2m([22m[2m5 tests[22m[2m)[22m[33m 454[2mms[22m[39m
 [32mΓ£ô[39m src/test/terminalPage.test.tsx [2m([22m[2m9 tests[22m[2m)[22m[33m 785[2mms[22m[39m
[90mstderr[2m | 
src/test/employeeList.test.tsx[2m 
> [22m[2mEmployeeList[2m > 
[22m[2mupdates the search input 
value when typed into
[22m[39mWarning: An update to 
EmployeeList inside a test was not 
wrapped in act(...).

When testing, code that causes 
React state updates should be 
wrapped into act(...):

act(() => {
  /* fire events that update state 
*/
});
/* assert on the output */

This ensures that you're testing 
the behavior the user would see in 
the browser. Learn more at https://
reactjs.org/link/wrap-tests-with-ac
t
    at EmployeeList (C:\Users\hassa
\Desktop\hr-management-system\hr-sy
stem-demo-frontend\src\modules\empl
oyees\EmployeeList.tsx:52:42)
    at Router (C:\Users\hassa\Deskt
op\hr-management-system\hr-system-d
emo-frontend\node_modules\react-rou
ter\dist\umd\react-router.developme
nt.js:1207:17)
    at MemoryRouter (C:\Users\hassa
\Desktop\hr-management-system\hr-sy
stem-demo-frontend\node_modules\rea
ct-router\dist\umd\react-router.dev
elopment.js:1101:7)
    at I18nextProvider (file:///C:/
Users/hassa/Desktop/hr-management-s
ystem/hr-system-demo-frontend/node_
modules/react-i18next/dist/es/I18ne
xtProvider.js:4:3)
Warning: An update to EmployeeList 
inside a test was not wrapped in 
act(...).

When testing, code that causes 
React state updates should be 
wrapped into act(...):

act(() => {
  /* fire events that update state 
*/
});
/* assert on the output */

This ensures that you're testing 
the behavior the user would see in 
the browser. Learn more at https://
reactjs.org/link/wrap-tests-with-ac
t
    at EmployeeList (C:\Users\hassa
\Desktop\hr-management-system\hr-sy
stem-demo-frontend\src\modules\empl
oyees\EmployeeList.tsx:52:42)
    at Router (C:\Users\hassa\Deskt
op\hr-management-system\hr-system-d
emo-frontend\node_modules\react-rou
ter\dist\umd\react-router.developme
nt.js:1207:17)
    at MemoryRouter (C:\Users\hassa
\Desktop\hr-management-system\hr-sy
stem-demo-frontend\node_modules\rea
ct-router\dist\umd\react-router.dev
elopment.js:1101:7)
    at I18nextProvider (file:///C:/
Users/hassa/Desktop/hr-management-s
ystem/hr-system-demo-frontend/node_
modules/react-i18next/dist/es/I18ne
xtProvider.js:4:3)
Warning: An update to EmployeeList 
inside a test was not wrapped in 
act(...).

When testing, code that causes 
React state updates should be 
wrapped into act(...):

act(() => {
  /* fire events that update state 
*/
});
/* assert on the output */

This ensures that you're testing 
the behavior the user would see in 
the browser. Learn more at https://
reactjs.org/link/wrap-tests-with-ac
t
    at EmployeeList (C:\Users\hassa
\Desktop\hr-management-system\hr-sy
stem-demo-frontend\src\modules\empl
oyees\EmployeeList.tsx:52:42)
    at Router (C:\Users\hassa\Deskt
op\hr-management-system\hr-system-d
emo-frontend\node_modules\react-rou
ter\dist\umd\react-router.developme
nt.js:1207:17)
    at MemoryRouter (C:\Users\hassa
\Desktop\hr-management-system\hr-sy
stem-demo-frontend\node_modules\rea
ct-router\dist\umd\react-router.dev
elopment.js:1101:7)
    at I18nextProvider (file:///C:/
Users/hassa/Desktop/hr-management-s
ystem/hr-system-demo-frontend/node_
modules/react-i18next/dist/es/I18ne
xtProvider.js:4:3)

[90mstderr[2m | 
src/test/employeeList.test.tsx[2m 
> [22m[2mEmployeeList[2m > 
[22m[2mupdates the search input 
value when typed into
[22m[39mWarning: An update to 
EmployeeList inside a test was not 
wrapped in act(...).

When testing, code that causes 
React state updates should be 
wrapped into act(...):

act(() => {
  /* fire events that update state 
*/
});
/* assert on the output */

This ensures that you're testing 
the behavior the user would see in 
the browser. Learn more at https://
reactjs.org/link/wrap-tests-with-ac
t
    at EmployeeList (C:\Users\hassa
\Desktop\hr-management-system\hr-sy
stem-demo-frontend\src\modules\empl
oyees\EmployeeList.tsx:52:42)
    at Router (C:\Users\hassa\Deskt
op\hr-management-system\hr-system-d
emo-frontend\node_modules\react-rou
ter\dist\umd\react-router.developme
nt.js:1207:17)
    at MemoryRouter (C:\Users\hassa
\Desktop\hr-management-system\hr-sy
stem-demo-frontend\node_modules\rea
ct-router\dist\umd\react-router.dev
elopment.js:1101:7)
    at I18nextProvider (file:///C:/
Users/hassa/Desktop/hr-management-s
ystem/hr-system-demo-frontend/node_
modules/react-i18next/dist/es/I18ne
xtProvider.js:4:3)

 [32mΓ£ô[39m src/test/employeeList.test.tsx [2m([22m[2m7 tests[22m[2m)[22m[33m 686[2mms[22m[39m
 [31mΓ¥»[39m src/test/permissionsPanelCompanyScope.test.tsx [2m([22m[2m1 test[22m[2m | [22m[31m1 failed[39m[2m)[22m[33m 1318[2mms[22m[39m
[31m   [31m├ù[31m PermissionsPanel company scope[2m > [22mreloads permissions for selected target company[39m[33m 1316[2mms[22m[39m
[31m     ΓåÆ Unable to find an accessible element with the role "combobox"

Here are the accessible roles:

  heading:

  Name "Gestione Permessi":
  [36m<h1[31m
    [33mstyle[31m=[32m"font-size: 24px; font-weight: 800; color: var(--text-primary); margin-bottom: 4px; font-family: var(--font-display); letter-spacing: -0.02em;"[31m
  [36m/>[31m

  --------------------------------------------------
  paragraph:

  Name "":
  [36m<p[31m
    [33mstyle[31m=[32m"font-size: 13px; color: var(--text-muted); margin: 0px;"[31m
  [36m/>[31m

  --------------------------------------------------
  button:

  Name "Alpha":
  [36m<button[31m
    [33mstyle[31m=[32m"padding: 7px 16px; border-radius: 8px; border: 1.5px solid var(--primary); background: var(--primary); color: rgb(255, 255, 255); font-size: 13px; font-weight: 700; cursor: pointer; transition: all 0.15s; white-space: nowrap; font-family: var(--font-body); box-shadow: 0 2px 8px rgba(13,33,55,0.18);"[31m
  [36m/>[31m

  Name "Beta":
  [36m<button[31m
    [33mstyle[31m=[32m"padding: 7px 16px; border-radius: 8px; border: 1.5px solid var(--border); background: var(--surface); color: var(--text-secondary); font-size: 13px; font-weight: 500; cursor: pointer; transition: all 0.15s; white-space: nowrap; font-family: var(--font-body); box-shadow: none;"[31m
  [36m/>[31m

  --------------------------------------------------
  table:

  Name "":
  [36m<table[31m
    [33mstyle[31m=[32m"width: 100%; border-collapse: collapse; min-width: 600px;"[31m
  [36m/>[31m

  --------------------------------------------------
  rowgroup:

  Name "":
  [36m<thead />[31m

  Name "":
  [36m<tbody />[31m

  --------------------------------------------------
  row:

  Name "Modulo AM Amministratore RI Risorse Umane AR Area Manager RE Resp. Negozio DI Dipendente":
  [36m<tr />[31m

  Name "Dipendenti":
  [36m<tr[31m
    [33mstyle[31m=[32m"transition: background 0.15s;"[31m
  [36m/>[31m

  Name "Turni":
  [36m<tr[31m
    [33mstyle[31m=[32m"transition: background 0.15s;"[31m
  [36m/>[31m

  Name "Presenze":
  [36m<tr[31m
    [33mstyle[31m=[32m"transition: background 0.15s;"[31m
  [36m/>[31m

  Name "Anomalie":
  [36m<tr[31m
    [33mstyle[31m=[32m"transition: background 0.15s;"[31m
  [36m/>[31m

  Name "Ferie & Permessi":
  [36m<tr[31m
    [33mstyle[31m=[32m"transition: background 0.15s;"[31m
  [36m/>[31m

  Name "Negozi":
  [36m<tr[31m
    [33mstyle[31m=[32m"transition: background 0.15s;"[31m
  [36m/>[31m

  Name "Messaggi":
  [36m<tr[31m
    [33mstyle[31m=[32m"transition: background 0.15s;"[31m
  [36m/>[31m

  Name "Impostazioni":
  [36m<tr[31m
    [33mstyle[31m=[32m"transition: background 0.15s;"[31m
  [36m/>[31m

  Name "Prossimamente":
  [36m<tr />[31m

  Name "Documenti Prossimamente":
  [36m<tr[31m
    [33mstyle[31m=[32m"background: var(--surface-warm); opacity: 0.75;"[31m
  [36m/>[31m

  Name "ATS Prossimamente":
  [36m<tr[31m
    [33mstyle[31m=[32m"background: var(--surface-warm); opacity: 0.75;"[31m
  [36m/>[31m

  Name "Report Prossimamente":
  [36m<tr[31m
    [33mstyle[31m=[32m"background: var(--surface-warm); opacity: 0.75;"[31m
  [36m/>[31m

  --------------------------------------------------
  columnheader:

  Name "Modulo":
  [36m<th[31m
    [33mstyle[31m=[32m"padding: 16px 20px; text-align: left; width: 200px; font-size: 11px; font-weight: 700; color: var(--text-muted); text-transform: uppercase; letter-spacing: 0.07em; border-bottom: 2px solid var(--border); background: var(--surface-warm); white-space: nowrap;"[31m
  [36m/>[31m

  Name "AM Amministratore":
  [36m<th[31m
    [33mstyle[31m=[32m"padding: 16px 10px; text-align: center; font-size: 10px; font-weight: 700; color: var(--text-muted); text-transform: uppercase; letter-spacing: 0.06em; border-bottom: 2px solid var(--border); background: var(--surface-warm); white-space: nowrap;"[31m
  [36m/>[31m

  Name "RI Risorse Umane":
  [36m<th[31m
    [33mstyle[31m=[32m"padding: 16px 10px; text-align: center; font-size: 10px; font-weight: 700; color: var(--text-muted); text-transform: uppercase; letter-spacing: 0.06em; border-bottom: 2px solid var(--border); background: var(--surface-warm); white-space: nowrap;"[31m
  [36m/>[31m

  Name "AR Area Manager":
  [36m<th[31m
    [33mstyle[31m=[32m"padding: 16px 10px; text-align: center; font-size: 10px; font-weight: 700; color: var(--text-muted); text-transform: uppercase; letter-spacing: 0.06em; border-bottom: 2px solid var(--border); background: var(--surface-warm); white-space: nowrap;"[31m
  [36m/>[31m

  Name "RE Resp. Negozio":
  [36m<th[31m
    [33mstyle[31m=[32m"padding: 16px 10px; text-align: center; font-size: 10px; font-weight: 700; color: var(--text-muted); text-transform: uppercase; letter-spacing: 0.06em; border-bottom: 2px solid var(--border); background: var(--surface-warm); white-space: nowrap;"[31m
  [36m/>[31m

  Name "DI Dipendente":
  [36m<th[31m
    [33mstyle[31m=[32m"padding: 16px 10px; text-align: center; font-size: 10px; font-weight: 700; color: var(--text-muted); text-transform: uppercase; letter-spacing: 0.06em; border-bottom: 2px solid var(--border); background: var(--surface-warm); white-space: nowrap;"[31m
  [36m/>[31m

  --------------------------------------------------
  cell:

  Name "Dipendenti":
  [36m<td[31m
    [33mstyle[31m=[32m"padding: 14px 20px; border-bottom: 1px solid var(--border-light);"[31m
  [36m/>[31m

  Name "":
  [36m<td[31m
    [33mstyle[31m=[32m"padding: 14px 10px; text-align: center; border-bottom: 1px solid var(--border-light);"[31m
  [36m/>[31m

  Name "":
  [36m<td[31m
    [33mstyle[31m=[32m"padding: 14px 10px; text-align: center; border-bottom: 1px solid var(--border-light);"[31m
  [36m/>[31m

  Name "":
  [36m<td[31m
    [33mstyle[31m=[32m"padding: 14px 10px; text-align: center; border-bottom: 1px solid var(--border-light);"[31m
  [36m/>[31m

  Name "":
  [36m<td[31m
    [33mstyle[31m=[32m"padding: 14px 10px; text-align: center; border-bottom: 1px solid var(--border-light);"[31m
  [36m/>[31m

  Name "":
  [36m<td[31m
    [33mstyle[31m=[32m"padding: 14px 10px; text-align: center; border-bottom: 1px solid var(--border-light);"[31m
  [36m/>[31m

  Name "Turni":
  [36m<td[31m
    [33mstyle[31m=[32m"padding: 14px 20px; border-bottom: 1px solid var(--border-light);"[31m
  [36m/>[31m

  Name "":
  [36m<td[31m
    [33mstyle[31m=[32m"padding: 14px 10px; text-align: center; border-bottom: 1px solid var(--border-light);"[31m
  [36m/>[31m

  Name "":
  [36m<td[31m
    [33mstyle[31m=[32m"padding: 14px 10px; text-align: center; border-bottom: 1px solid var(--border-light);"[31m
  [36m/>[31m

  Name "":
  [36m<td[31m
    [33mstyle[31m=[32m"padding: 14px 10px; text-align: center; border-bottom: 1px solid var(--border-light);"[31m
  [36m/>[31m

  Name "":
  [36m<td[31m
    [33mstyle[31m=[32m"padding: 14px 10px; text-align: center; border-bottom: 1px solid var(--border-light);"[31m
  [36m/>[31m

  Name "":
  [36m<td[31m
    [33mstyle[31m=[32m"padding: 14px 10px; text-align: center; border-bottom: 1px solid var(--border-light);"[31m
  [36m/>[31m

  Name "Presenze":
  [36m<td[31m
    [33mstyle[31m=[32m"padding: 14px 20px; border-bottom: 1px solid var(--border-light);"[31m
  [36m/>[31m

  Name "":
  [36m<td[31m
    [33mstyle[31m=[32m"padding: 14px 10px; text-align: center; border-bottom: 1px solid var(--border-light);"[31m
  [36m/>[31m

  Name "":
  [36m<td[31m
    [33mstyle[31m=[32m"padding: 14px 10px; text-align: center; border-bottom: 1px solid var(--border-light);"[31m
  [36m/>[31m

  Name "":
  [36m<td[31m
    [33mstyle[31m=[32m"padding: 14px 10px; text-align: center; border-bottom: 1px solid var(--border-light);"[31m
  [36m/>[31m

  Name "":
  [36m<td[31m
    [33mstyle[31m=[32m"padding: 14px 10px; text-align: center; border-bottom: 1px solid var(--border-light);"[31m
  [36m/>[31m

  Name "":
  [36m<td[31m
    [33mstyle[31m=[32m"padding: 14px 10px; text-align: center; border-bottom: 1px solid var(--border-light);"[31m
  [36m/>[31m

  Name "Anomalie":
  [36m<td[31m
    [33mstyle[31m=[32m"padding: 14px 20px; border-bottom: 1px solid var(--border-light);"[31m
  [36m/>[31m

  Name "":
  [36m<td[31m
    [33mstyle[31m=[32m"padding: 14px 10px; text-align: center; border-bottom: 1px solid var(--border-light);"[31m
  [36m/>[31m

  Name "":
  [36m<td[31m
    [33mstyle[31m=[32m"padding: 14px 10px; text-align: center; border-bottom: 1px solid var(--border-light);"[31m
  [36m/>[31m

  Name "":
  [36m<td[31m
    [33mstyle[31m=[32m"padding: 14px 10px; text-align: center; border-bottom: 1px solid var(--border-light);"[31m
  [36m/>[31m

  Name "":
  [36m<td[31m
    [33mstyle[31m=[32m"padding: 14px 10px; text-align: center; border-bottom: 1px solid var(--border-light);"[31m
  [36m/>[31m

  Name "":
  [36m<td[31m
    [33mstyle[31m=[32m"padding: 14px 10px; text-align: center; border-bottom: 1px solid var(--border-light);"[31m
  [36m/>[31m

  Name "Ferie & Permessi":
  [36m<td[31m
    [33mstyle[31m=[32m"padding: 14px 20px; border-bottom: 1px solid var(--border-light);"[31m
  [36m/>[31m

  Name "":
  [36m<td[31m
    [33mstyle[31m=[32m"padding: 14px 10px; text-align: center; border-bottom: 1px solid var(--border-light);"[31m
  [36m/>[31m

  Name "":
  [36m<td[31m
    [33mstyle[31m=[32m"padding: 14px 10px; text-align: center; border-bottom: 1px solid var(--border-light);"[31m
  [36m/>[31m

  Name "":
  [36m<td[31m
    [33mstyle[31m=[32m"padding: 14px 10px; text-align: center; border-bottom: 1px solid var(--border-light);"[31m
  [36m/>[31m

  Name "":
  [36m<td[31m
    [33mstyle[31m=[32m"padding: 14px 10px; text-align: center; border-bottom: 1px solid var(--border-light);"[31m
  [36m/>[31m

  Name "":
  [36m<td[31m
    [33mstyle[31m=[32m"padding: 14px 10px; text-align: center; border-bottom: 1px solid var(--border-light);"[31m
  [36m/>[31m

  Name "Negozi":
  [36m<td[31m
    [33mstyle[31m=[32m"padding: 14px 20px; border-bottom: 1px solid var(--border-light);"[31m
  [36m/>[31m

  Name "":
  [36m<td[31m
    [33mstyle[31m=[32m"padding: 14px 10px; text-align: center; border-bottom: 1px solid var(--border-light);"[31m
  [36m/>[31m

  Name "":
  [36m<td[31m
    [33mstyle[31m=[32m"padding: 14px 10px; text-align: center; border-bottom: 1px solid var(--border-light);"[31m
  [36m/>[31m

  Name "":
  [36m<td[31m
    [33mstyle[31m=[32m"padding: 14px 10px; text-align: center; border-bottom: 1px solid var(--border-light);"[31m
  [36m/>[31m

  Name "":
  [36m<td[31m
    [33mstyle[31m=[32m"padding: 14px 10px; text-align: center; border-bottom: 1px solid var(--border-light);"[31m
  [36m/>[31m

  Name "":
  [36m<td[31m
    [33mstyle[31m=[32m"padding: 14px 10px; text-align: center; border-bottom: 1px solid var(--border-light);"[31m
  [36m/>[31m

  Name "Messaggi":
  [36m<td[31m
    [33mstyle[31m=[32m"padding: 14px 20px; border-bottom: 1px solid var(--border-light);"[31m
  [36m/>[31m

  Name "":
  [36m<td[31m
    [33mstyle[31m=[32m"padding: 14px 10px; text-align: center; border-bottom: 1px solid var(--border-light);"[31m
  [36m/>[31m

  Name "":
  [36m<td[31m
    [33mstyle[31m=[32m"padding: 14px 10px; text-align: center; border-bottom: 1px solid var(--border-light);"[31m
  [36m/>[31m

  Name "":
  [36m<td[31m
    [33mstyle[31m=[32m"padding: 14px 10px; text-align: center; border-bottom: 1px solid var(--border-light);"[31m
  [36m/>[31m

  Name "":
  [36m<td[31m
    [33mstyle[31m=[32m"padding: 14px 10px; text-align: center; border-bottom: 1px solid var(--border-light);"[31m
  [36m/>[31m

  Name "":
  [36m<td[31m
    [33mstyle[31m=[32m"padding: 14px 10px; text-align: center; border-bottom: 1px solid var(--border-light);"[31m
  [36m/>[31m

  Name "Impostazioni":
  [36m<td[31m
    [33mstyle[31m=[32m"padding: 14px 20px; border-bottom: 1px solid var(--border-light);"[31m
  [36m/>[31m

  Name "":
  [36m<td[31m
    [33mstyle[31m=[32m"padding: 14px 10px; text-align: center; border-bottom: 1px solid var(--border-light);"[31m
  [36m/>[31m

  Name "":
  [36m<td[31m
    [33mstyle[31m=[32m"padding: 14px 10px; text-align: center; border-bottom: 1px solid var(--border-light);"[31m
  [36m/>[31m

  Name "":
  [36m<td[31m
    [33mstyle[31m=[32m"padding: 14px 10px; text-align: center; border-bottom: 1px solid var(--border-light);"[31m
  [36m/>[31m

  Name "":
  [36m<td[31m
    [33mstyle[31m=[32m"padding: 14px 10px; text-align: center; border-bottom: 1px solid var(--border-light);"[31m
  [36m/>[31m

  Name "":
  [36m<td[31m
    [33mstyle[31m=[32m"padding: 14px 10px; text-align: center; border-bottom: 1px solid var(--border-light);"[31m
  [36m/>[31m

  Name "Prossimamente":
  [36m<td[31m
    [33mcolspan[31m=[32m"6"[31m
    [33mstyle[31m=[32m"padding: 10px 20px 8px; background: var(--surface-warm);"[31m
  [36m/>[31m

  Name "Documenti Prossimamente":
  [36m<td[31m
    [33mstyle[31m=[32m"padding: 12px 20px; border-bottom: 1px solid var(--border-light);"[31m
  [36m/>[31m

  Name "":
  [36m<td[31m
    [33mstyle[31m=[32m"padding: 12px 10px; text-align: center; border-bottom: 1px solid var(--border-light);"[31m
  [36m/>[31m

  Name "":
  [36m<td[31m
    [33mstyle[31m=[32m"padding: 12px 10px; text-align: center; border-bottom: 1px solid var(--border-light);"[31m
  [36m/>[31m

  Name "":
  [36m<td[31m
    [33mstyle[31m=[32m"padding: 12px 10px; text-align: center; border-bottom: 1px solid var(--border-light);"[31m
  [36m/>[31m

  Name "":
  [36m<td[31m
    [33mstyle[31m=[32m"padding: 12px 10px; text-align: center; border-bottom: 1px solid var(--border-light);"[31m
  [36m/>[31m

  Name "":
  [36m<td[31m
    [33mstyle[31m=[32m"padding: 12px 10px; text-align: center; border-bottom: 1px solid var(--border-light);"[31m
  [36m/>[31m

  Name "ATS Prossimamente":
  [36m<td[31m
    [33mstyle[31m=[32m"padding: 12px 20px; border-bottom: 1px solid var(--border-light);"[31m
  [36m/>[31m

  Name "":
  [36m<td[31m
    [33mstyle[31m=[32m"padding: 12px 10px; text-align: center; border-bottom: 1px solid var(--border-light);"[31m
  [36m/>[31m

  Name "":
  [36m<td[31m
    [33mstyle[31m=[32m"padding: 12px 10px; text-align: center; border-bottom: 1px solid var(--border-light);"[31m
  [36m/>[31m

  Name "":
  [36m<td[31m
    [33mstyle[31m=[32m"padding: 12px 10px; text-align: center; border-bottom: 1px solid var(--border-light);"[31m
  [36m/>[31m

  Name "":
  [36m<td[31m
    [33mstyle[31m=[32m"padding: 12px 10px; text-align: center; border-bottom: 1px solid var(--border-light);"[31m
  [36m/>[31m

  Name "":
  [36m<td[31m
    [33mstyle[31m=[32m"padding: 12px 10px; text-align: center; border-bottom: 1px solid var(--border-light);"[31m
  [36m/>[31m

  Name "Report Prossimamente":
  [36m<td[31m
    [33mstyle[31m=[32m"padding: 12px 20px;"[31m
  [36m/>[31m

  Name "":
  [36m<td[31m
    [33mstyle[31m=[32m"padding: 12px 10px; text-align: center;"[31m
  [36m/>[31m

  Name "":
  [36m<td[31m
    [33mstyle[31m=[32m"padding: 12px 10px; text-align: center;"[31m
  [36m/>[31m

  Name "":
  [36m<td[31m
    [33mstyle[31m=[32m"padding: 12px 10px; text-align: center;"[31m
  [36m/>[31m

  Name "":
  [36m<td[31m
    [33mstyle[31m=[32m"padding: 12px 10px; text-align: center;"[31m
  [36m/>[31m

  Name "":
  [36m<td[31m
    [33mstyle[31m=[32m"padding: 12px 10px; text-align: center;"[31m
  [36m/>[31m

  --------------------------------------------------
  switch:

  Name "":
  [36m<button[31m
    [33maria-checked[31m=[32m"true"[31m
    [33maria-disabled[31m=[32m"false"[31m
    [33mrole[31m=[32m"switch"[31m
    [33mstyle[31m=[32m"background: none; padding: 0px; cursor: pointer; display: inline-flex; align-items: center;"[31m
    [33mtype[31m=[32m"button"[31m
  [36m/>[31m

  Name "":
  [36m<button[31m
    [33maria-checked[31m=[32m"false"[31m
    [33maria-disabled[31m=[32m"false"[31m
    [33mrole[31m=[32m"switch"[31m
    [33mstyle[31m=[32m"background: none; padding: 0px; cursor: pointer; display: inline-flex; align-items: center;"[31m
    [33mtype[31m=[32m"button"[31m
  [36m/>[31m

  Name "":
  [36m<button[31m
    [33maria-checked[31m=[32m"false"[31m
    [33maria-disabled[31m=[32m"false"[31m
    [33mrole[31m=[32m"switch"[31m
    [33mstyle[31m=[32m"background: none; padding: 0px; cursor: pointer; display: inline-flex; align-items: center;"[31m
    [33mtype[31m=[32m"button"[31m
  [36m/>[31m

  Name "":
  [36m<button[31m
    [33maria-checked[31m=[32m"false"[31m
    [33maria-disabled[31m=[32m"false"[31m
    [33mrole[31m=[32m"switch"[31m
    [33mstyle[31m=[32m"background: none; padding: 0px; cursor: pointer; display: inline-flex; align-items: center;"[31m
    [33mtype[31m=[32m"button"[31m
  [36m/>[31m

  Name "":
  [36m<button[31m
    [33maria-checked[31m=[32m"false"[31m
    [33maria-disabled[31m=[32m"true"[31m
    [33mdisabled[31m=[32m""[31m
    [33mrole[31m=[32m"switch"[31m
    [33mstyle[31m=[32m"background: none; padding: 0px; cursor: not-allowed; display: inline-flex; align-items: center;"[31m
    [33mtype[31m=[32m"button"[31m
  [36m/>[31m

  Name "":
  [36m<button[31m
    [33maria-checked[31m=[32m"true"[31m
    [33maria-disabled[31m=[32m"false"[31m
    [33mrole[31m=[32m"switch"[31m
    [33mstyle[31m=[32m"background: none; padding: 0px; cursor: pointer; display: inline-flex; align-items: center;"[31m
    [33mtype[31m=[32m"button"[31m
  [36m/>[31m

  Name "":
  [36m<button[31m
    [33maria-checked[31m=[32m"false"[31m
    [33maria-disabled[31m=[32m"false"[31m
    [33mrole[31m=[32m"switch"[31m
    [33mstyle[31m=[32m"background: none; padding: 0px; cursor: pointer; display: inline-flex; align-items: center;"[31m
    [33mtype[31m=[32m"button"[31m
  [36m/>[31m

  Name "":
  [36m<button[31m
    [33maria-checked[31m=[32m"false"[31m
    [33maria-disabled[31m=[32m"false"[31m
    [33mrole[31m=[32m"switch"[31m
    [33mstyle[31m=[32m"background: none; padding: 0px; cursor: pointer; display: inline-flex; align-items: center;"[31m
    [33mtype[31m=[32m"button"[31m
  [36m/>[31m

  Name "":
  [36m<button[31m
    [33maria-checked[31m=[32m"false"[31m
    [33maria-disabled[31m=[32m"false"[31m
    [33mrole[31m=[32m"switch"[31m
    [33mstyle[31m=[32m"background: none; padding: 0px; cursor: pointer; display: inline-flex; align-items: center;"[31m
    [33mtype[31m=[32m"button"[31m
  [36m/>[31m

  Name "":
  [36m<button[31m
    [33maria-checked[31m=[32m"false"[31m
    [33maria-disabled[31m=[32m"false"[31m
    [33mrole[31m=[32m"switch"[31m
    [33mstyle[31m=[32m"background: none; padding: 0px; cursor: pointer; display: inline-flex; align-items: center;"[31m
    [33mtype[31m=[32m"button"[31m
  [36m/>[31m

  Name "":
  [36m<button[31m
    [33maria-checked[31m=[32m"true"[31m
    [33maria-disabled[31m=[32m"false"[31m
    [33mrole[31m=[32m"switch"[31m
    [33mstyle[31m=[32m"background: none; padding: 0px; cursor: pointer; display: inline-flex; align-items: center;"[31m
    [33mtype[31m=[32m"button"[31m
  [36m/>[31m

  Name "":
  [36m<button[31m
    [33maria-checked[31m=[32m"false"[31m
    [33maria-disabled[31m=[32m"false"[31m
    [33mrole[31m=[32m"switch"[31m
    [33mstyle[31m=[32m"background: none; padding: 0px; cursor: pointer; display: inline-flex; align-items: center;"[31m
    [33mtype[31m=[32m"button"[31m
  [36m/>[31m

  Name "":
  [36m<button[31m
    [33maria-checked[31m=[32m"false"[31m
    [33maria-disabled[31m=[32m"false"[31m
    [33mrole[31m=[32m"switch"[31m
    [33mstyle[31m=[32m"background: none; padding: 0px; cursor: pointer; display: inline-flex; align-items: center;"[31m
    [33mtype[31m=[32m"button"[31m
  [36m/>[31m

  Name "":
  [36m<button[31m
    [33maria-checked[31m=[32m"false"[31m
    [33maria-disabled[31m=[32m"false"[31m
    [33mrole[31m=[32m"switch"[31m
    [33mstyle[31m=[32m"background: none; padding: 0px; cursor: pointer; display: inline-flex; align-items: center;"[31m
    [33mtype[31m=[32m"button"[31m
  [36m/>[31m

  Name "":
  [36m<button[31m
    [33maria-checked[31m=[32m"false"[31m
    [33maria-disabled[31m=[32m"false"[31m
    [33mrole[31m=[32m"switch"[31m
    [33mstyle[31m=[32m"background: none; padding: 0px; cursor: pointer; display: inline-flex; align-items: center;"[31m
    [33mtype[31m=[32m"button"[31m
  [36m/>[31m

  Name "":
  [36m<button[31m
    [33maria-checked[31m=[32m"false"[31m
    [33maria-disabled[31m=[32m"false"[31m
    [33mrole[31m=[32m"switch"[31m
    [33mstyle[31m=[32m"background: none; padding: 0px; cursor: pointer; display: inline-flex; align-items: center;"[31m
    [33mtype[31m=[32m"button"[31m
  [36m/>[31m

  Name "":
  [36m<button[31m
    [33maria-checked[31m=[32m"false"[31m
    [33maria-disabled[31m=[32m"false"[31m
    [33mrole[31m=[32m"switch"[31m
    [33mstyle[31m=[32m"background: none; padding: 0px; cursor: pointer; display: inline-flex; align-items: center;"[31m
    [33mtype[31m=[32m"button"[31m
  [36m/>[31m

  Name "":
  [36m<button[31m
    [33maria-checked[31m=[32m"false"[31m
    [33maria-disabled[31m=[32m"false"[31m
    [33mrole[31m=[32m"switch"[31m
    [33mstyle[31m=[32m"background: none; padding: 0px; cursor: pointer; display: inline-flex; align-items: center;"[31m
    [33mtype[31m=[32m"button"[31m
  [36m/>[31m

  Name "":
  [36m<button[31m
    [33maria-checked[31m=[32m"false"[31m
    [33maria-disabled[31m=[32m"false"[31m
    [33mrole[31m=[32m"switch"[31m
    [33mstyle[31m=[32m"background: none; padding: 0px; cursor: pointer; display: inline-flex; align-items: center;"[31m
    [33mtype[31m=[32m"button"[31m
  [36m/>[31m

  Name "":
  [36m<button[31m
    [33maria-checked[31m=[32m"false"[31m
    [33maria-disabled[31m=[32m"true"[31m
    [33mdisabled[31m=[32m""[31m
    [33mrole[31m=[32m"switch"[31m
    [33mstyle[31m=[32m"background: none; padding: 0px; cursor: not-allowed; display: inline-flex; align-items: center;"[31m
    [33mtype[31m=[32m"button"[31m
  [36m/>[31m

  Name "":
  [36m<button[31m
    [33maria-checked[31m=[32m"true"[31m
    [33maria-disabled[31m=[32m"false"[31m
    [33mrole[31m=[32m"switch"[31m
    [33mstyle[31m=[32m"background: none; padding: 0px; cursor: pointer; display: inline-flex; align-items: center;"[31m
    [33mtype[31m=[32m"button"[31m
  [36m/>[31m

  Name "":
  [36m<button[31m
    [33maria-checked[31m=[32m"false"[31m
    [33maria-disabled[31m=[32m"false"[31m
    [33mrole[31m=[32m"switch"[31m
    [33mstyle[31m=[32m"background: none; padding: 0px; cursor: pointer; display: inline-flex; align-items: center;"[31m
    [33mtype[31m=[32m"button"[31m
  [36m/>[31m

  Name "":
  [36m<button[31m
    [33maria-checked[31m=[32m"false"[31m
    [33maria-disabled[31m=[32m"false"[31m
    [33mrole[31m=[32m"switch"[31m
    [33mstyle[31m=[32m"background: none; padding: 0px; cursor: pointer; display: inline-flex; align-items: center;"[31m
    [33mtype[31m=[32m"button"[31m
  [36m/>[31m

  Name "":
  [36m<button[31m
    [33maria-checked[31m=[32m"false"[31m
    [33maria-disabled[31m=[32m"false"[31m
    [33mrole[31m=[32m"switch"[31m
    [33mstyle[31m=[32m"background: none; padding: 0px; cursor: pointer; display: inline-flex; align-items: center;"[31m
    [33mtype[31m=[32m"button"[31m
  [36m/>[31m

  Name "":
  [36m<button[31m
    [33maria-checked[31m=[32m"false"[31m
    [33maria-disabled[31m=[32m"false"[31m
    [33mrole[31m=[32m"switch"[31m
    [33mstyle[31m=[32m"background: none; padding: 0px; cursor: pointer; display: inline-flex; align-items: center;"[31m
    [33mtype[31m=[32m"button"[31m
  [36m/>[31m

  Name "":
  [36m<button[31m
    [33maria-checked[31m=[32m"true"[31m
    [33maria-disabled[31m=[32m"false"[31m
    [33mrole[31m=[32m"switch"[31m
    [33mstyle[31m=[32m"background: none; padding: 0px; cursor: pointer; display: inline-flex; align-items: center;"[31m
    [33mtype[31m=[32m"button"[31m
  [36m/>[31m

  Name "":
  [36m<button[31m
    [33maria-checked[31m=[32m"false"[31m
    [33maria-disabled[31m=[32m"false"[31m
    [33mrole[31m=[32m"switch"[31m
    [33mstyle[31m=[32m"background: none; padding: 0px; cursor: pointer; display: inline-flex; align-items: center;"[31m
    [33mtype[31m=[32m"button"[31m
  [36m/>[31m

  Name "":
  [36m<button[31m
    [33maria-checked[31m=[32m"false"[31m
    [33maria-disabled[31m=[32m"false"[31m
    [33mrole[31m=[32m"switch"[31m
    [33mstyle[31m=[32m"background: none; padding: 0px; cursor: pointer; display: inline-flex; align-items: center;"[31m
    [33mtype[31m=[32m"button"[31m
  [36m/>[31m

  Name "":
  [36m<button[31m
    [33maria-checked[31m=[32m"false"[31m
    [33maria-disabled[31m=[32m"false"[31m
    [33mrole[31m=[32m"switch"[31m
    [33mstyle[31m=[32m"background: none; padding: 0px; cursor: pointer; display: inline-flex; align-items: center;"[31m
    [33mtype[31m=[32m"button"[31m
  [36m/>[31m

  Name "":
  [36m<button[31m
    [33maria-checked[31m=[32m"false"[31m
    [33maria-disabled[31m=[32m"true"[31m
    [33mdisabled[31m=[32m""[31m
    [33mrole[31m=[32m"switch"[31m
    [33mstyle[31m=[32m"background: none; padding: 0px; cursor: not-allowed; display: inline-flex; align-items: center;"[31m
    [33mtype[31m=[32m"button"[31m
  [36m/>[31m

  Name "":
  [36m<button[31m
    [33maria-checked[31m=[32m"true"[31m
    [33maria-disabled[31m=[32m"false"[31m
    [33mrole[31m=[32m"switch"[31m
    [33mstyle[31m=[32m"background: none; padding: 0px; cursor: pointer; display: inline-flex; align-items: center;"[31m
    [33mtype[31m=[32m"button"[31m
  [36m/>[31m

  Name "":
  [36m<button[31m
    [33maria-checked[31m=[32m"false"[31m
    [33maria-disabled[31m=[32m"false"[31m
    [33mrole[31m=[32m"switch"[31m
    [33mstyle[31m=[32m"background: none; padding: 0px; cursor: pointer; display: inline-flex; align-items: center;"[31m
    [33mtype[31m=[32m"button"[31m
  [36m/>[31m

  Name "":
  [36m<button[31m
    [33maria-checked[31m=[32m"false"[31m
    [33maria-disabled[31m=[32m"false"[31m
    [33mrole[31m=[32m"switch"[31m
    [33mstyle[31m=[32m"background: none; padding: 0px; cursor: pointer; display: inline-flex; align-items: center;"[31m
    [33mtype[31m=[32m"button"[31m
  [36m/>[31m

  Name "":
  [36m<button[31m
    [33maria-checked[31m=[32m"false"[31m
    [33maria-disabled[31m=[32m"false"[31m
    [33mrole[31m=[32m"switch"[31m
    [33mstyle[31m=[32m"background: none; padding: 0px; cursor: pointer; display: inline-flex; align-items: center;"[31m
    [33mtype[31m=[32m"button"[31m
  [36m/>[31m

  Name "":
  [36m<button[31m
    [33maria-checked[31m=[32m"false"[31m
    [33maria-disabled[31m=[32m"false"[31m
    [33mrole[31m=[32m"switch"[31m
    [33mstyle[31m=[32m"background: none; padding: 0px; cursor: pointer; display: inline-flex; align-items: center;"[31m
    [33mtype[31m=[32m"button"[31m
  [36m/>[31m

  Name "":
  [36m<button[31m
    [33maria-checked[31m=[32m"true"[31m
    [33maria-disabled[31m=[32m"false"[31m
    [33mrole[31m=[32m"switch"[31m
    [33mstyle[31m=[32m"background: none; padding: 0px; cursor: pointer; display: inline-flex; align-items: center;"[31m
    [33mtype[31m=[32m"button"[31m
  [36m/>[31m

  Name "":
  [36m<button[31m
    [33maria-checked[31m=[32m"false"[31m
    [33maria-disabled[31m=[32m"false"[31m
    [33mrole[31m=[32m"switch"[31m
    [33mstyle[31m=[32m"background: none; padding: 0px; cursor: pointer; display: inline-flex; align-items: center;"[31m
    [33mtype[31m=[32m"button"[31m
  [36m/>[31m

  Name "":
  [36m<button[31m
    [33maria-checked[31m=[32m"false"[31m
    [33maria-disabled[31m=[32m"false"[31m
    [33mrole[31m=[32m"switch"[31m
    [33mstyle[31m=[32m"background: none; padding: 0px; cursor: pointer; display: inline-flex; align-items: center;"[31m
    [33mtype[31m=[32m"button"[31m
  [36m/>[31m

  Name "":
  [36m<button[31m
    [33maria-checked[31m=[32m"false"[31m
    [33maria-disabled[31m=[32m"true"[31m
    [33mdisabled[31m=[32m""[31m
    [33mrole[31m=[32m"switch"[31m
    [33mstyle[31m=[32m"background: none; padding: 0px; cursor: not-allowed; display: inline-flex; align-items: center;"[31m
    [33mtype[31m=[32m"button"[31m
  [36m/>[31m

  Name "":
  [36m<button[31m
    [33maria-checked[31m=[32m"false"[31m
    [33maria-disabled[31m=[32m"true"[31m
    [33mdisabled[31m=[32m""[31m
    [33mrole[31m=[32m"switch"[31m
    [33mstyle[31m=[32m"background: none; padding: 0px; cursor: not-allowed; display: inline-flex; align-items: center;"[31m
    [33mtype[31m=[32m"button"[31m
  [36m/>[31m

  Name "":
  [36m<button[31m
    [33maria-checked[31m=[32m"false"[31m
    [33maria-disabled[31m=[32m"true"[31m
    [33mdisabled[31m=[32m""[31m
    [33mrole[31m=[32m"switch"[31m
    [33mstyle[31m=[32m"background: none; padding: 0px; cursor: not-allowed; display: inline-flex; align-items: center;"[31m
    [33mtype[31m=[32m"button"[31m
  [36m/>[31m

  Name "":
  [36m<button[31m
    [33maria-checked[31m=[32m"false"[31m
    [33maria-disabled[31m=[32m"true"[31m
    [33mdisabled[31m=[32m""[31m
    [33mrole[31m=[32m"switch"[31m
    [33mstyle[31m=[32m"background: none; padding: 0px; cursor: not-allowed; display: inline-flex; align-items: center;"[31m
    [33mtype[31m=[32m"button"[31m
  [36m/>[31m

  Name "":
  [36m<button[31m
    [33maria-checked[31m=[32m"false"[31m
    [33maria-disabled[31m=[32m"true"[31m
    [33mdisabled[31m=[32m""[31m
    [33mrole[31m=[32m"switch"[31m
    [33mstyle[31m=[32m"background: none; padding: 0px; cursor: not-allowed; display: inline-flex; align-items: center;"[31m
    [33mtype[31m=[32m"button"[31m
  [36m/>[31m

  Name "":
  [36m<button[31m
    [33maria-checked[31m=[32m"false"[31m
    [33maria-disabled[31m=[32m"true"[31m
    [33mdisabled[31m=[32m""[31m
    [33mrole[31m=[32m"switch"[31m
    [33mstyle[31m=[32m"background: none; padding: 0px; cursor: not-allowed; display: inline-flex; align-items: center;"[31m
    [33mtype[31m=[32m"button"[31m
  [36m/>[31m

  Name "":
  [36m<button[31m
    [33maria-checked[31m=[32m"false"[31m
    [33maria-disabled[31m=[32m"true"[31m
    [33mdisabled[31m=[32m""[31m
    [33mrole[31m=[32m"switch"[31m
    [33mstyle[31m=[32m"background: none; padding: 0px; cursor: not-allowed; display: inline-flex; align-items: center;"[31m
    [33mtype[31m=[32m"button"[31m
  [36m/>[31m

  Name "":
  [36m<button[31m
    [33maria-checked[31m=[32m"false"[31m
    [33maria-disabled[31m=[32m"true"[31m
    [33mdisabled[31m=[32m""[31m
    [33mrole[31m=[32m"switch"[31m
    [33mstyle[31m=[32m"background: none; padding: 0px; cursor: not-allowed; display: inline-flex; align-items: center;"[31m
    [33mtype[31m=[32m"button"[31m
  [36m/>[31m

  Name "":
  [36m<button[31m
    [33maria-checked[31m=[32m"false"[31m
    [33maria-disabled[31m=[32m"true"[31m
    [33mdisabled[31m=[32m""[31m
    [33mrole[31m=[32m"switch"[31m
    [33mstyle[31m=[32m"background: none; padding: 0px; cursor: not-allowed; display: inline-flex; align-items: center;"[31m
    [33mtype[31m=[32m"button"[31m
  [36m/>[31m

  Name "":
  [36m<button[31m
    [33maria-checked[31m=[32m"false"[31m
    [33maria-disabled[31m=[32m"true"[31m
    [33mdisabled[31m=[32m""[31m
    [33mrole[31m=[32m"switch"[31m
    [33mstyle[31m=[32m"background: none; padding: 0px; cursor: not-allowed; display: inline-flex; align-items: center;"[31m
    [33mtype[31m=[32m"button"[31m
  [36m/>[31m

  Name "":
  [36m<button[31m
    [33maria-checked[31m=[32m"false"[31m
    [33maria-disabled[31m=[32m"true"[31m
    [33mdisabled[31m=[32m""[31m
    [33mrole[31m=[32m"switch"[31m
    [33mstyle[31m=[32m"background: none; padding: 0px; cursor: not-allowed; display: inline-flex; align-items: center;"[31m
    [33mtype[31m=[32m"button"[31m
  [36m/>[31m

  Name "":
  [36m<button[31m
    [33maria-checked[31m=[32m"false"[31m
    [33maria-disabled[31m=[32m"true"[31m
    [33mdisabled[31m=[32m""[31m
    [33mrole[31m=[32m"switch"[31m
    [33mstyle[31m=[32m"background: none; padding: 0px; cursor: not-allowed; display: inline-flex; align-items: center;"[31m
    [33mtype[31m=[32m"button"[31m
  [36m/>[31m

  Name "":
  [36m<button[31m
    [33maria-checked[31m=[32m"false"[31m
    [33maria-disabled[31m=[32m"true"[31m
    [33mdisabled[31m=[32m""[31m
    [33mrole[31m=[32m"switch"[31m
    [33mstyle[31m=[32m"background: none; padding: 0px; cursor: not-allowed; display: inline-flex; align-items: center;"[31m
    [33mtype[31m=[32m"button"[31m
  [36m/>[31m

  Name "":
  [36m<button[31m
    [33maria-checked[31m=[32m"false"[31m
    [33maria-disabled[31m=[32m"true"[31m
    [33mdisabled[31m=[32m""[31m
    [33mrole[31m=[32m"switch"[31m
    [33mstyle[31m=[32m"background: none; padding: 0px; cursor: not-allowed; display: inline-flex; align-items: center;"[31m
    [33mtype[31m=[32m"button"[31m
  [36m/>[31m

  Name "":
  [36m<button[31m
    [33maria-checked[31m=[32m"false"[31m
    [33maria-disabled[31m=[32m"true"[31m
    [33mdisabled[31m=[32m""[31m
    [33mrole[31m=[32m"switch"[31m
    [33mstyle[31m=[32m"background: none; padding: 0px; cursor: not-allowed; display: inline-flex; align-items: center;"[31m
    [33mtype[31m=[32m"button"[31m
  [36m/>[31m

  Name "":
  [36m<button[31m
    [33maria-checked[31m=[32m"false"[31m
    [33maria-disabled[31m=[32m"true"[31m
    [33mdisabled[31m=[32m""[31m
    [33mrole[31m=[32m"switch"[31m
    [33mstyle[31m=[32m"background: none; padding: 0px; cursor: not-allowed; display: inline-flex; align-items: center;"[31m
    [33mtype[31m=[32m"button"[31m
  [36m/>[31m

  Name "":
  [36m<button[31m
    [33maria-checked[31m=[32m"false"[31m
    [33maria-disabled[31m=[32m"true"[31m
    [33mdisabled[31m=[32m""[31m
    [33mrole[31m=[32m"switch"[31m
    [33mstyle[31m=[32m"background: none; padding: 0px; cursor: not-allowed; display: inline-flex; align-items: center;"[31m
    [33mtype[31m=[32m"button"[31m
  [36m/>[31m

  --------------------------------------------------

Ignored nodes: comments, script, style
[36m<body>[31m
  [36m<div>[31m
    [36m<div[31m
      [33mclass[31m=[32m"page-enter"[31m
      [33mstyle[31m=[32m"font-family: var(--font-body); max-width: 1100px; margin: 0px auto;"[31m
    [36m>[31m
      [36m<div[31m
        [33mstyle[31m=[32m"margin-bottom: 24px;"[31m
      [36m>[31m
        [36m<h1[31m
          [33mstyle[31m=[32m"font-size: 24px; font-weight: 800; color: var(--text-primary); margin-bottom: 4px; font-family: var(--font-display); letter-spacing: -0.02em;"[31m
        [36m>[31m
          [0mGestione Permessi[0m
        [36m</h1>[31m
        [36m<p[31m
          [33mstyle[31m=[32m"font-size: 13px; color: var(--text-muted); margin: 0px;"[31m
        [36m>[31m
          [0mConfigura i permessi di accesso ai moduli per ogni ruolo.[0m
        [36m</p>[31m
      [36m</div>[31m
      [36m<div[31m
        [33mstyle[31m=[32m"margin-bottom: 20px; overflow-x: auto;"[31m
      [36m>[31m
        [36m<div[31m
          [33mstyle[31m=[32m"display: flex; gap: 6px; flex-wrap: wrap;"[31m
        [36m>[31m
          [36m<button[31m
            [33mstyle[31m=[32m"padding: 7px 16px; border-radius: 8px; border: 1.5px solid var(--primary); background: var(--primary); color: rgb(255, 255, 255); font-size: 13px; font-weight: 700; cursor: pointer; transition: all 0.15s; white-space: nowrap; font-family: var(--font-body); box-shadow: 0 2px 8px rgba(13,33,55,0.18);"[31m
          [36m>[31m
            [0mAlpha[0m
          [36m</button>[31m
          [36m<button[31m
            [33mstyle[31m=[32m"padding: 7px 16px; border-radius: 8px; border: 1.5px solid var(--border); background: var(--surface); color: var(--text-secondary); font-size: 13px; font-weight: 500; cursor: pointer; transition: all 0.15s; white-space: nowrap; font-family: var(--font-body); box-shadow: none;"[31m
          [36m>[31m
            [0mBeta[0m
          [36m</button>[31m
        [36m</div>[31m
      [36m</div>[31m
      [36m<div[31m
        [33mstyle[31m=[32m"background: var(--surface); border: 1px solid var(--border); border-radius: var(--radius-lg); overflow: auto; box-shadow: var(--shadow-sm);"[31m
      [36m>[31m
        [36m<table[31m
          [33mstyle[31m=[32m"width: 100%; border-collapse: collapse; min-width: 600px;"[31m
        [36m>[31m
          [36m<thead>[31m
            [36m<tr>[31m
              [36m<th[31m
                [33mstyle[31m=[32m"padding: 16px 20px; text-align: left; width: 200px; font-size: 11px; font-weight: 700; color: var(--text-muted); text-transform: uppercase; letter-spacing: 0.07em; border-bottom: 2px solid var(--border); background: var(--surface-warm); white-space: nowrap;"[31m
              [36m>[31m
                [0mModulo[0m
              [36m</th>[31m
              [36m<th[31m
                [33mstyle[31m=[32m"padding: 16px 10px; text-align: center; font-size: 10px; font-weight: 700; color: var(--text-muted); text-transform: uppercase; letter-spacing: 0.06em; border-bottom: 2px solid var(--border); background: var(--surface-warm); white-space: nowrap;"[31m
              [36m>[31m
                [36m<div[31m
                  [33mstyle[31m=[32m"display: flex; flex-direction: column; align-items: center; gap: 5px;"[31m
                [36m>[31m
                  [36m<div[31m
                    [33mstyle[31m=[32m"width: 28px; height: 28px; border-radius: 50%; background: rgba(201, 151, 58, 0.094); border: 2px solid rgba(201, 151, 58, 0.25); display: flex; align-items: center; justify-content: center; font-size: 9px; font-weight: 800; color: rgb(201, 151, 58);"[31m
                  [36m>[31m
                    [0mAM[0m
                  [36m</div>[31m
                  [36m<span[31m
                    [33mstyle[31m=[32m"color: rgb(201, 151, 58); font-weight: 700;"[31m
                  [36m>[31m
                    [0mAmministratore[0m
                  [36m</span>[31m
                [36m</div>[31m
              [36m</th>[31m
              [36m<th[31m
                [33mstyle[31m=[32m"padding: 16px 10px; text-align: center; font-size: 10px; font-weight: 700; color: var(--text-muted); text-transform: uppercase; letter-spacing: 0.06em; border-bottom: 2px solid var(--border); background: var(--surface-warm); white-space: nowrap;"[31m
              [36m>[31m
                [36m<div[31m
                  [33mstyle[31m=[32m"display: flex; flex-direction: column; align-items: center; gap: 5px;"[31m
                [36m>[31m
                  [36m<div[31m
                    [33mstyle[31m=[32m"width: 28px; height: 28px; border-radius: 50%; background: rgba(2, 132, 199, 0.094); border: 2px solid rgba(2, 132, 199, 0.25); display: flex; align-items: center; justify-content: center; font-size: 9px; font-weight: 800; color: rgb(2, 132, 199);"[31m
                  [36m>[31m
                    [0mRI[0m
                  [36m</div>[31m
                  [36m<span[31m
                    [33mstyle[31m=[32m"color: rgb(2, 132, 199); font-weight: 700;"[31m
                  [36m>[31m
                    [0mRisorse Umane[0m
                  [36m</span>[31m
                [36m</div>[31m
              [36m</th>[31m
              [36m<th[31m
                [33mstyle[31m=[32m"padding: 16px 10px; text-align: center; font-size: 10px; font-weight: 700; color: var(--text-muted); text-transform: uppercase; letter-spacing: 0.06em; border-bottom: 2px solid var(--border); background: var(--surface-warm); white-space: nowrap;"[31m
              [36m>[31m
                [36m<div[31m
                  [33mstyle[31m=[32m"display: flex; flex-direction: column; align-items: center; gap: 5px;"[31m
                [36m>[31m
                  [36m<div[31m
                    [33mstyle[31m=[32m"width: 28px; height: 28px; border-radius: 50%; background: rgba(21, 128, 61, 0.094); border: 2px solid rgba(21, 128, 61, 0.25); display: flex; align-items: center; justify-content: center; font-size: 9px; font-weight: 800; color: rgb(21, 128, 61);"[31m
                  [36m>[31m
                    [0mAR[0m
                  [36m</div>[31m
                  [36m<span[31m
                    [33mstyle[31m=[32m"color: rgb(21, 128, 61); font-weight: 700;"[31m
                  [36m>[31m
                    [0mArea Manager[0m
                  [36m</span>[31m
                [36m</div>[31m
              [36m</th>[31m
              [36m<th[31m
                [33mstyle[31m=[32m"padding: 16px 10px; text-align: center; font-size: 10px; font-weight: 700; color: var(--text-muted); text-transform: uppercase; letter-spacing: 0.06em; border-bottom: 2px solid var(--border); background: var(--surface-warm); white-space: nowrap;"[31m
              [36m>[31m
                [36m<div[31m
                  [33mstyle[31m=[32m"display: flex; flex-directio...[39m
[90mstderr[2m | 
src/test/shiftDrawer.test.tsx[2m 
> [22m[2mShiftDrawer ΓÇö edit 
mode[2m > [22m[2mpre-fills form 
with existing shift values in edit 
mode
[22m[39mWarning: An update to 
ShiftDrawer inside a test was not 
wrapped in act(...).

When testing, code that causes 
React state updates should be 
wrapped into act(...):

act(() => {
  /* fire events that update state 
*/
});
/* assert on the output */

This ensures that you're testing 
the behavior the user would see in 
the browser. Learn more at https://
reactjs.org/link/wrap-tests-with-ac
t
    at ShiftDrawer (C:\Users\hassa\
Desktop\hr-management-system\hr-sys
tem-demo-frontend\src\modules\shift
s\ShiftDrawer.tsx:46:24)
    at Router (C:\Users\hassa\Deskt
op\hr-management-system\hr-system-d
emo-frontend\node_modules\react-rou
ter\dist\umd\react-router.developme
nt.js:1207:17)
    at MemoryRouter (C:\Users\hassa
\Desktop\hr-management-system\hr-sy
stem-demo-frontend\node_modules\rea
ct-router\dist\umd\react-router.dev
elopment.js:1101:7)
    at I18nextProvider (file:///C:/
Users/hassa/Desktop/hr-management-s
ystem/hr-system-demo-frontend/node_
modules/react-i18next/dist/es/I18ne
xtProvider.js:4:3)
Warning: An update to ShiftDrawer 
inside a test was not wrapped in 
act(...).

When testing, code that causes 
React state updates should be 
wrapped into act(...):

act(() => {
  /* fire events that update state 
*/
});
/* assert on the output */

This ensures that you're testing 
the behavior the user would see in 
the browser. Learn more at https://
reactjs.org/link/wrap-tests-with-ac
t
    at ShiftDrawer (C:\Users\hassa\
Desktop\hr-management-system\hr-sys
tem-demo-frontend\src\modules\shift
s\ShiftDrawer.tsx:46:24)
    at Router (C:\Users\hassa\Deskt
op\hr-management-system\hr-system-d
emo-frontend\node_modules\react-rou
ter\dist\umd\react-router.developme
nt.js:1207:17)
    at MemoryRouter (C:\Users\hassa
\Desktop\hr-management-system\hr-sy
stem-demo-frontend\node_modules\rea
ct-router\dist\umd\react-router.dev
elopment.js:1101:7)
    at I18nextProvider (file:///C:/
Users/hassa/Desktop/hr-management-s
ystem/hr-system-demo-frontend/node_
modules/react-i18next/dist/es/I18ne
xtProvider.js:4:3)

[90mstderr[2m | 
src/test/shiftDrawer.test.tsx[2m 
> [22m[2mShiftDrawer ΓÇö edit 
mode[2m > [22m[2mrenders edit 
mode title (not create mode title)
[22m[39mWarning: An update to 
ShiftDrawer inside a test was not 
wrapped in act(...).

When testing, code that causes 
React state updates should be 
wrapped into act(...):

act(() => {
  /* fire events that update state 
*/
});
/* assert on the output */

This ensures that you're testing 
the behavior the user would see in 
the browser. Learn more at https://
reactjs.org/link/wrap-tests-with-ac
t
    at ShiftDrawer (C:\Users\hassa\
Desktop\hr-management-system\hr-sys
tem-demo-frontend\src\modules\shift
s\ShiftDrawer.tsx:46:24)
    at Router (C:\Users\hassa\Deskt
op\hr-management-system\hr-system-d
emo-frontend\node_modules\react-rou
ter\dist\umd\react-router.developme
nt.js:1207:17)
    at MemoryRouter (C:\Users\hassa
\Desktop\hr-management-system\hr-sy
stem-demo-frontend\node_modules\rea
ct-router\dist\umd\react-router.dev
elopment.js:1101:7)
    at I18nextProvider (file:///C:/
Users/hassa/Desktop/hr-management-s
ystem/hr-system-demo-frontend/node_
modules/react-i18next/dist/es/I18ne
xtProvider.js:4:3)
Warning: An update to ShiftDrawer 
inside a test was not wrapped in 
act(...).

When testing, code that causes 
React state updates should be 
wrapped into act(...):

act(() => {
  /* fire events that update state 
*/
});
/* assert on the output */

This ensures that you're testing 
the behavior the user would see in 
the browser. Learn more at https://
reactjs.org/link/wrap-tests-with-ac
t
    at ShiftDrawer (C:\Users\hassa\
Desktop\hr-management-system\hr-sys
tem-demo-frontend\src\modules\shift
s\ShiftDrawer.tsx:46:24)
    at Router (C:\Users\hassa\Deskt
op\hr-management-system\hr-system-d
emo-frontend\node_modules\react-rou
ter\dist\umd\react-router.developme
nt.js:1207:17)
    at MemoryRouter (C:\Users\hassa
\Desktop\hr-management-system\hr-sy
stem-demo-frontend\node_modules\rea
ct-router\dist\umd\react-router.dev
elopment.js:1101:7)
    at I18nextProvider (file:///C:/
Users/hassa/Desktop/hr-management-s
ystem/hr-system-demo-frontend/node_
modules/react-i18next/dist/es/I18ne
xtProvider.js:4:3)

 [31mΓ¥»[39m src/test/shiftDrawer.test.tsx [2m([22m[2m6 tests[22m[2m | [22m[31m1 failed[39m[2m)[22m[33m 1702[2mms[22m[39m
   [32mΓ£ô[39m ShiftDrawer ΓÇö create mode[2m > [22mform starts empty in create mode (no shift prop)[32m 291[2mms[22m[39m
   [32mΓ£ô[39m ShiftDrawer ΓÇö create mode[2m > [22mshows validation error for start_time when form is submitted without it[32m 141[2mms[22m[39m
   [32mΓ£ô[39m ShiftDrawer ΓÇö create mode[2m > [22mshows validation error for end_time when only start_time is set[32m 130[2mms[22m[39m
[31m   [31m├ù[31m ShiftDrawer ΓÇö create mode[2m > [22mcalls createShift (via onClose with true) when both times are valid[39m[33m 1108[2mms[22m[39m
[31m     ΓåÆ expected "spy" to be called at least once

Ignored nodes: comments, script, style
[36m<html>[31m
  [36m<head />[31m
  [36m<body>[31m
    [36m<div>[31m
      [36m<div[31m
        [33mclass[31m=[32m"drawer-backdrop"[31m
        [33mstyle[31m=[32m"position: fixed; inset: 0; background: rgba(13, 33, 55, 0.48); z-index: 1000;"[31m
      [36m/>[31m
      [36m<div[31m
        [33mclass[31m=[32m"drawer-panel"[31m
        [33mstyle[31m=[32m"position: fixed; top: 0px; right: 0px; bottom: 0px; width: min(460px, 100vw); background: var(--surface); box-shadow: -4px 0 24px rgba(0,0,0,0.15); z-index: 1001; display: flex; flex-direction: column;"[31m
      [36m>[31m
        [36m<div[31m
          [33mstyle[31m=[32m"height: 3px; background: linear-gradient(90deg, var(--accent) 0%, var(--primary) 100%);"[31m
        [36m/>[31m
        [36m<div[31m
          [33mstyle[31m=[32m"padding: 20px 24px; border-bottom: 1px solid var(--border); display: flex; align-items: center; justify-content: space-between;"[31m
        [36m>[31m
          [36m<h2[31m
            [33mstyle[31m=[32m"font-family: var(--font-display); font-size: 1.15rem; color: var(--primary); margin: 0px;"[31m
          [36m>[31m
            [0mNuovo turno[0m
          [36m</h2>[31m
          [36m<button[31m
            [33mstyle[31m=[32m"background: none; cursor: pointer; font-size: 1.1rem; color: var(--text-muted); border-radius: 6px; padding: 4px 6px; transition: background 0.15s;"[31m
          [36m>[31m
            [0mΓ£ò[0m
          [36m</button>[31m
        [36m</div>[31m
        [36m<form[31m
          [33mstyle[31m=[32m"flex: 1 1 0%; display: flex; flex-direction: column; overflow: hidden;"[31m
        [36m>[31m
          [36m<div[31m
            [33mstyle[31m=[32m"flex: 1 1 0%; overflow-y: auto; padding: 20px 24px;"[31m
          [36m>[31m
            [36m<div[31m
              [33mstyle[31m=[32m"margin-bottom: 16px;"[31m
            [36m>[31m
              [36m<label[31m
                [33mstyle[31m=[32m"display: block; font-size: 13px; font-weight: 600; color: var(--text-secondary); margin-bottom: 6px;"[31m
              [36m>[31m
                [0mDipendente[0m
              [36m</label>[31m
              [36m<select[31m
                [33mrequired[31m=[32m""[31m
                [33mstyle[31m=[32m"width: 100%; padding: 9px 12px; border: 1.5px solid var(--border); border-radius: 8px; font-family: var(--font-body); font-size: 14px; background: var(--surface); color: var(--text-primary); box-sizing: border-box; outline: none; transition: border-color 0.15s, box-shadow 0.15s;"[31m
              [36m>[31m
                [36m<option[31m
                  [33mvalue[31m=[32m""[31m
                [36m>[31m
                  [0mΓÇö Seleziona dipendente ΓÇö[0m
                [36m</option>[31m
              [36m</select>[31m
            [36m</div>[31m
            [36m<div[31m
              [33mstyle[31m=[32m"margin-bottom: 16px;"[31m
            [36m>[31m
              [36m<label[31m
                [33mstyle[31m=[32m"display: block; font-size: 13px; font-weight: 600; color: var(--text-secondary); margin-bottom: 6px;"[31m
              [36m>[31m
                [0mNegozio[0m
              [36m</label>[31m
              [36m<select[31m
                [33mrequired[31m=[32m""[31m
                [33mstyle[31m=[32m"width: 100%; padding: 9px 12px; border: 1.5px solid var(--border); border-radius: 8px; font-family: var(--font-body); font-size: 14px; background: var(--surface); color: var(--text-primary); box-sizing: border-box; outline: none; transition: border-color 0.15s, box-shadow 0.15s;"[31m
              [36m>[31m
                [36m<option[31m
                  [33mvalue[31m=[32m""[31m
                [36m>[31m
                  [0mΓÇö Seleziona negozio ΓÇö[0m
                [36m</option>[31m
              [36m</select>[31m
            [36m</div>[31m
            [36m<div[31m
              [33mstyle[31m=[32m"margin-bottom: 20px;"[31m
            [36m>[31m
              [36m<div>[31m
                [36m<label>[31m
                  [0mData[0m
                [36m</label>[31m
                [36m<input[31m
                  [33maria-label[31m=[32m"Data"[31m
                  [33mdata-testid[31m=[32m"datepicker"[31m
                  [33mtype[31m=[32m"text"[31m
                  [33mvalue[31m=[32m"2024-03-01"[31m
                [36m/>[31m
              [36m</div>[31m
            [36m</div>[31m
            [36m<div[31m
              [33mstyle[31m=[32m"display: flex; align-items: center; gap: 8px; margin-top: 18px; margin-bottom: 12px;"[31m
            [36m>[31m
              [36m<span[31m
                [33mstyle[31m=[32m"font-size: 10px; font-weight: 700; text-transform: uppercase; letter-spacing: 0.07em; color: var(--text-muted); white-space: nowrap;"[31m
              [36m>[31m
                [0mOrario turno[0m
              [36m</span>[31m
              [36m<div[31m
                [33mstyle[31m=[32m"flex: 1 1 0%; height: 1px; background: var(--border);"[31m
              [36m/>[31m
            [36m</div>[31m
            [36m<div[31m
              [33mstyle[31m=[32m"display: grid; grid-template-columns: 1fr 1fr; gap: 12px; margin-bottom: 4px;"[31m
            [36m>[31m
              [36m<div>[31m
                [36m<label>[31m
                  [0mInizio[0m
                [36m</label>[31m
                [36m<input[31m
                  [33maria-label[31m=[32m"Inizio"[31m
                  [33mdata-testid[31m=[32m"timepicker-Inizio"[31m
                  [33mtype[31m=[32m"text"[31m
                  [33mvalue[31m=[32m"09:00"[31m
                [36m/>[31m
              [36m</div>[31m
              [36m<div>[31m
                [36m<label>[31m
                  [0mFine[0m
                [36m</label>[31m
                [36m<input[31m
                  [33maria-label[31m=[32m"Fine"[31m
                  [33mdata-testid[31m=[32m"timepicker-Fine"[31m
                  [33mtype[31m=[32m"text"[31m
                  [33mvalue[31m=[32m"17:00"[31m
                [36m/>[31m
              [36m</div>[31m
            [36m</div>[31m
            [36m<div[31m
              [33mstyle[31m=[32m"display: flex; align-items: center; gap: 8px; margin-top: 18px; margin-bottom: 12px;"[31m
            [36m>[31m
              [36m<span[31m
                [33mstyle[31m=[32m"font-size: 10px; font-weight: 700; text-transform: uppercase; letter-spacing: 0.07em; color: var(--text-muted); white-space: nowrap;"[31m
              [36m>[31m
                [0mPausa[0m
              [36m</span>[31m
              [36m<span[31m
                [33mstyle[31m=[32m"font-size: 10px; color: var(--text-disabled, var(--text-muted)); background: var(--surface-warm); border: 1px solid var(--border); ...[39m
   [32mΓ£ô[39m ShiftDrawer ΓÇö edit mode[2m > [22mpre-fills form with existing shift values in edit mode[32m 15[2mms[22m[39m
   [32mΓ£ô[39m ShiftDrawer ΓÇö edit mode[2m > [22mrenders edit mode title (not create mode title)[32m 14[2mms[22m[39m

[31mΓÄ»ΓÄ»ΓÄ»ΓÄ»ΓÄ»ΓÄ»ΓÄ»[39m[1m
[41m Failed Tests 2 [49m[22m[31
mΓÄ»ΓÄ»ΓÄ»ΓÄ»ΓÄ»ΓÄ»ΓÄ»[39m

[41m[1m FAIL [22m[49m src/test/
permissionsPanelCompanyScope.test.t
sx[2m > [22mPermissionsPanel 
company scope[2m > [22mreloads 
permissions for selected target 
company
[31m[1mTestingLibraryElementError
[22m[39m: Unable to find an 
accessible element with the role 
"combobox"

Here are the accessible roles:

  heading:

  Name "Gestione Permessi":
  [36m<h1[39m
    
[33mstyle[39m=[32m"font-size: 
24px; font-weight: 800; color: 
var(--text-primary); 
margin-bottom: 4px; font-family: 
var(--font-display); 
letter-spacing: -0.02em;"[39m
  [36m/>[39m

  ---------------------------------
-----------------
  paragraph:

  Name "":
  [36m<p[39m
    
[33mstyle[39m=[32m"font-size: 
13px; color: var(--text-muted); 
margin: 0px;"[39m
  [36m/>[39m

  ---------------------------------
-----------------
  button:

  Name "Alpha":
  [36m<button[39m
    [33mstyle[39m=[32m"padding: 
7px 16px; border-radius: 8px; 
border: 1.5px solid 
var(--primary); background: 
var(--primary); color: rgb(255, 
255, 255); font-size: 13px; 
font-weight: 700; cursor: pointer; 
transition: all 0.15s; 
white-space: nowrap; font-family: 
var(--font-body); box-shadow: 0 
2px 8px rgba(13,33,55,0.18);"[39m
  [36m/>[39m

  Name "Beta":
  [36m<button[39m
    [33mstyle[39m=[32m"padding: 
7px 16px; border-radius: 8px; 
border: 1.5px solid var(--border); 
background: var(--surface); color: 
var(--text-secondary); font-size: 
13px; font-weight: 500; cursor: 
pointer; transition: all 0.15s; 
white-space: nowrap; font-family: 
var(--font-body); box-shadow: 
none;"[39m
  [36m/>[39m

  ---------------------------------
-----------------
  table:

  Name "":
  [36m<table[39m
    [33mstyle[39m=[32m"width: 
100%; border-collapse: collapse; 
min-width: 600px;"[39m
  [36m/>[39m

  ---------------------------------
-----------------
  rowgroup:

  Name "":
  [36m<thead />[39m

  Name "":
  [36m<tbody />[39m

  ---------------------------------
-----------------
  row:

  Name "Modulo AM Amministratore 
RI Risorse Umane AR Area Manager 
RE Resp. Negozio DI Dipendente":
  [36m<tr />[39m

  Name "Dipendenti":
  [36m<tr[39m
    
[33mstyle[39m=[32m"transition: 
background 0.15s;"[39m
  [36m/>[39m

  Name "Turni":
  [36m<tr[39m
    
[33mstyle[39m=[32m"transition: 
background 0.15s;"[39m
  [36m/>[39m

  Name "Presenze":
  [36m<tr[39m
    
[33mstyle[39m=[32m"transition: 
background 0.15s;"[39m
  [36m/>[39m

  Name "Anomalie":
  [36m<tr[39m
    
[33mstyle[39m=[32m"transition: 
background 0.15s;"[39m
  [36m/>[39m

  Name "Ferie & Permessi":
  [36m<tr[39m
    
[33mstyle[39m=[32m"transition: 
background 0.15s;"[39m
  [36m/>[39m

  Name "Negozi":
  [36m<tr[39m
    
[33mstyle[39m=[32m"transition: 
background 0.15s;"[39m
  [36m/>[39m

  Name "Messaggi":
  [36m<tr[39m
    
[33mstyle[39m=[32m"transition: 
background 0.15s;"[39m
  [36m/>[39m

  Name "Impostazioni":
  [36m<tr[39m
    
[33mstyle[39m=[32m"transition: 
background 0.15s;"[39m
  [36m/>[39m

  Name "Prossimamente":
  [36m<tr />[39m

  Name "Documenti Prossimamente":
  [36m<tr[39m
    
[33mstyle[39m=[32m"background: 
var(--surface-warm); opacity: 
0.75;"[39m
  [36m/>[39m

  Name "ATS Prossimamente":
  [36m<tr[39m
    
[33mstyle[39m=[32m"background: 
var(--surface-warm); opacity: 
0.75;"[39m
  [36m/>[39m

  Name "Report Prossimamente":
  [36m<tr[39m
    
[33mstyle[39m=[32m"background: 
var(--surface-warm); opacity: 
0.75;"[39m
  [36m/>[39m

  ---------------------------------
-----------------
  columnheader:

  Name "Modulo":
  [36m<th[39m
    [33mstyle[39m=[32m"padding: 
16px 20px; text-align: left; 
width: 200px; font-size: 11px; 
font-weight: 700; color: 
var(--text-muted); text-transform: 
uppercase; letter-spacing: 0.07em; 
border-bottom: 2px solid 
var(--border); background: 
var(--surface-warm); white-space: 
nowrap;"[39m
  [36m/>[39m

  Name "AM Amministratore":
  [36m<th[39m
    [33mstyle[39m=[32m"padding: 
16px 10px; text-align: center; 
font-size: 10px; font-weight: 700; 
color: var(--text-muted); 
text-transform: uppercase; 
letter-spacing: 0.06em; 
border-bottom: 2px solid 
var(--border); background: 
var(--surface-warm); white-space: 
nowrap;"[39m
  [36m/>[39m

  Name "RI Risorse Umane":
  [36m<th[39m
    [33mstyle[39m=[32m"padding: 
16px 10px; text-align: center; 
font-size: 10px; font-weight: 700; 
color: var(--text-muted); 
text-transform: uppercase; 
letter-spacing: 0.06em; 
border-bottom: 2px solid 
var(--border); background: 
var(--surface-warm); white-space: 
nowrap;"[39m
  [36m/>[39m

  Name "AR Area Manager":
  [36m<th[39m
    [33mstyle[39m=[32m"padding: 
16px 10px; text-align: center; 
font-size: 10px; font-weight: 700; 
color: var(--text-muted); 
text-transform: uppercase; 
letter-spacing: 0.06em; 
border-bottom: 2px solid 
var(--border); background: 
var(--surface-warm); white-space: 
nowrap;"[39m
  [36m/>[39m

  Name "RE Resp. Negozio":
  [36m<th[39m
    [33mstyle[39m=[32m"padding: 
16px 10px; text-align: center; 
font-size: 10px; font-weight: 700; 
color: var(--text-muted); 
text-transform: uppercase; 
letter-spacing: 0.06em; 
border-bottom: 2px solid 
var(--border); background: 
var(--surface-warm); white-space: 
nowrap;"[39m
  [36m/>[39m

  Name "DI Dipendente":
  [36m<th[39m
    [33mstyle[39m=[32m"padding: 
16px 10px; text-align: center; 
font-size: 10px; font-weight: 700; 
color: var(--text-muted); 
text-transform: uppercase; 
letter-spacing: 0.06em; 
border-bottom: 2px solid 
var(--border); background: 
var(--surface-warm); white-space: 
nowrap;"[39m
  [36m/>[39m

  ---------------------------------
-----------------
  cell:

  Name "Dipendenti":
  [36m<td[39m
    [33mstyle[39m=[32m"padding: 
14px 20px; border-bottom: 1px 
solid var(--border-light);"[39m
  [36m/>[39m

  Name "":
  [36m<td[39m
    [33mstyle[39m=[32m"padding: 
14px 10px; text-align: center; 
border-bottom: 1px solid 
var(--border-light);"[39m
  [36m/>[39m

  Name "":
  [36m<td[39m
    [33mstyle[39m=[32m"padding: 
14px 10px; text-align: center; 
border-bottom: 1px solid 
var(--border-light);"[39m
  [36m/>[39m

  Name "":
  [36m<td[39m
    [33mstyle[39m=[32m"padding: 
14px 10px; text-align: center; 
border-bottom: 1px solid 
var(--border-light);"[39m
  [36m/>[39m

  Name "":
  [36m<td[39m
    [33mstyle[39m=[32m"padding: 
14px 10px; text-align: center; 
border-bottom: 1px solid 
var(--border-light);"[39m
  [36m/>[39m

  Name "":
  [36m<td[39m
    [33mstyle[39m=[32m"padding: 
14px 10px; text-align: center; 
border-bottom: 1px solid 
var(--border-light);"[39m
  [36m/>[39m

  Name "Turni":
  [36m<td[39m
    [33mstyle[39m=[32m"padding: 
14px 20px; border-bottom: 1px 
solid var(--border-light);"[39m
  [36m/>[39m

  Name "":
  [36m<td[39m
    [33mstyle[39m=[32m"padding: 
14px 10px; text-align: center; 
border-bottom: 1px solid 
var(--border-light);"[39m
  [36m/>[39m

  Name "":
  [36m<td[39m
    [33mstyle[39m=[32m"padding: 
14px 10px; text-align: center; 
border-bottom: 1px solid 
var(--border-light);"[39m
  [36m/>[39m

  Name "":
  [36m<td[39m
    [33mstyle[39m=[32m"padding: 
14px 10px; text-align: center; 
border-bottom: 1px solid 
var(--border-light);"[39m
  [36m/>[39m

  Name "":
  [36m<td[39m
    [33mstyle[39m=[32m"padding: 
14px 10px; text-align: center; 
border-bottom: 1px solid 
var(--border-light);"[39m
  [36m/>[39m

  Name "":
  [36m<td[39m
    [33mstyle[39m=[32m"padding: 
14px 10px; text-align: center; 
border-bottom: 1px solid 
var(--border-light);"[39m
  [36m/>[39m

  Name "Presenze":
  [36m<td[39m
    [33mstyle[39m=[32m"padding: 
14px 20px; border-bottom: 1px 
solid var(--border-light);"[39m
  [36m/>[39m

  Name "":
  [36m<td[39m
    [33mstyle[39m=[32m"padding: 
14px 10px; text-align: center; 
border-bottom: 1px solid 
var(--border-light);"[39m
  [36m/>[39m

  Name "":
  [36m<td[39m
    [33mstyle[39m=[32m"padding: 
14px 10px; text-align: center; 
border-bottom: 1px solid 
var(--border-light);"[39m
  [36m/>[39m

  Name "":
  [36m<td[39m
    [33mstyle[39m=[32m"padding: 
14px 10px; text-align: center; 
border-bottom: 1px solid 
var(--border-light);"[39m
  [36m/>[39m

  Name "":
  [36m<td[39m
    [33mstyle[39m=[32m"padding: 
14px 10px; text-align: center; 
border-bottom: 1px solid 
var(--border-light);"[39m
  [36m/>[39m

  Name "":
  [36m<td[39m
    [33mstyle[39m=[32m"padding: 
14px 10px; text-align: center; 
border-bottom: 1px solid 
var(--border-light);"[39m
  [36m/>[39m

  Name "Anomalie":
  [36m<td[39m
    [33mstyle[39m=[32m"padding: 
14px 20px; border-bottom: 1px 
solid var(--border-light);"[39m
  [36m/>[39m

  Name "":
  [36m<td[39m
    [33mstyle[39m=[32m"padding: 
14px 10px; text-align: center; 
border-bottom: 1px solid 
var(--border-light);"[39m
  [36m/>[39m

  Name "":
  [36m<td[39m
    [33mstyle[39m=[32m"padding: 
14px 10px; text-align: center; 
border-bottom: 1px solid 
var(--border-light);"[39m
  [36m/>[39m

  Name "":
  [36m<td[39m
    [33mstyle[39m=[32m"padding: 
14px 10px; text-align: center; 
border-bottom: 1px solid 
var(--border-light);"[39m
  [36m/>[39m

  Name "":
  [36m<td[39m
    [33mstyle[39m=[32m"padding: 
14px 10px; text-align: center; 
border-bottom: 1px solid 
var(--border-light);"[39m
  [36m/>[39m

  Name "":
  [36m<td[39m
    [33mstyle[39m=[32m"padding: 
14px 10px; text-align: center; 
border-bottom: 1px solid 
var(--border-light);"[39m
  [36m/>[39m

  Name "Ferie & Permessi":
  [36m<td[39m
    [33mstyle[39m=[32m"padding: 
14px 20px; border-bottom: 1px 
solid var(--border-light);"[39m
  [36m/>[39m

  Name "":
  [36m<td[39m
    [33mstyle[39m=[32m"padding: 
14px 10px; text-align: center; 
border-bottom: 1px solid 
var(--border-light);"[39m
  [36m/>[39m

  Name "":
  [36m<td[39m
    [33mstyle[39m=[32m"padding: 
14px 10px; text-align: center; 
border-bottom: 1px solid 
var(--border-light);"[39m
  [36m/>[39m

  Name "":
  [36m<td[39m
    [33mstyle[39m=[32m"padding: 
14px 10px; text-align: center; 
border-bottom: 1px solid 
var(--border-light);"[39m
  [36m/>[39m

  Name "":
  [36m<td[39m
    [33mstyle[39m=[32m"padding: 
14px 10px; text-align: center; 
border-bottom: 1px solid 
var(--border-light);"[39m
  [36m/>[39m

  Name "":
  [36m<td[39m
    [33mstyle[39m=[32m"padding: 
14px 10px; text-align: center; 
border-bottom: 1px solid 
var(--border-light);"[39m
  [36m/>[39m

  Name "Negozi":
  [36m<td[39m
    [33mstyle[39m=[32m"padding: 
14px 20px; border-bottom: 1px 
solid var(--border-light);"[39m
  [36m/>[39m

  Name "":
  [36m<td[39m
    [33mstyle[39m=[32m"padding: 
14px 10px; text-align: center; 
border-bottom: 1px solid 
var(--border-light);"[39m
  [36m/>[39m

  Name "":
  [36m<td[39m
    [33mstyle[39m=[32m"padding: 
14px 10px; text-align: center; 
border-bottom: 1px solid 
var(--border-light);"[39m
  [36m/>[39m

  Name "":
  [36m<td[39m
    [33mstyle[39m=[32m"padding: 
14px 10px; text-align: center; 
border-bottom: 1px solid 
var(--border-light);"[39m
  [36m/>[39m

  Name "":
  [36m<td[39m
    [33mstyle[39m=[32m"padding: 
14px 10px; text-align: center; 
border-bottom: 1px solid 
var(--border-light);"[39m
  [36m/>[39m

  Name "":
  [36m<td[39m
    [33mstyle[39m=[32m"padding: 
14px 10px; text-align: center; 
border-bottom: 1px solid 
var(--border-light);"[39m
  [36m/>[39m

  Name "Messaggi":
  [36m<td[39m
    [33mstyle[39m=[32m"padding: 
14px 20px; border-bottom: 1px 
solid var(--border-light);"[39m
  [36m/>[39m

  Name "":
  [36m<td[39m
    [33mstyle[39m=[32m"padding: 
14px 10px; text-align: center; 
border-bottom: 1px solid 
var(--border-light);"[39m
  [36m/>[39m

  Name "":
  [36m<td[39m
    [33mstyle[39m=[32m"padding: 
14px 10px; text-align: center; 
border-bottom: 1px solid 
var(--border-light);"[39m
  [36m/>[39m

  Name "":
  [36m<td[39m
    [33mstyle[39m=[32m"padding: 
14px 10px; text-align: center; 
border-bottom: 1px solid 
var(--border-light);"[39m
  [36m/>[39m

  Name "":
  [36m<td[39m
    [33mstyle[39m=[32m"padding: 
14px 10px; text-align: center; 
border-bottom: 1px solid 
var(--border-light);"[39m
  [36m/>[39m

  Name "":
  [36m<td[39m
    [33mstyle[39m=[32m"padding: 
14px 10px; text-align: center; 
border-bottom: 1px solid 
var(--border-light);"[39m
  [36m/>[39m

  Name "Impostazioni":
  [36m<td[39m
    [33mstyle[39m=[32m"padding: 
14px 20px; border-bottom: 1px 
solid var(--border-light);"[39m
  [36m/>[39m

  Name "":
  [36m<td[39m
    [33mstyle[39m=[32m"padding: 
14px 10px; text-align: center; 
border-bottom: 1px solid 
var(--border-light);"[39m
  [36m/>[39m

  Name "":
  [36m<td[39m
    [33mstyle[39m=[32m"padding: 
14px 10px; text-align: center; 
border-bottom: 1px solid 
var(--border-light);"[39m
  [36m/>[39m

  Name "":
  [36m<td[39m
    [33mstyle[39m=[32m"padding: 
14px 10px; text-align: center; 
border-bottom: 1px solid 
var(--border-light);"[39m
  [36m/>[39m

  Name "":
  [36m<td[39m
    [33mstyle[39m=[32m"padding: 
14px 10px; text-align: center; 
border-bottom: 1px solid 
var(--border-light);"[39m
  [36m/>[39m

  Name "":
  [36m<td[39m
    [33mstyle[39m=[32m"padding: 
14px 10px; text-align: center; 
border-bottom: 1px solid 
var(--border-light);"[39m
  [36m/>[39m

  Name "Prossimamente":
  [36m<td[39m
    [33mcolspan[39m=[32m"6"[39m
    [33mstyle[39m=[32m"padding: 
10px 20px 8px; background: 
var(--surface-warm);"[39m
  [36m/>[39m

  Name "Documenti Prossimamente":
  [36m<td[39m
    [33mstyle[39m=[32m"padding: 
12px 20px; border-bottom: 1px 
solid var(--border-light);"[39m
  [36m/>[39m

  Name "":
  [36m<td[39m
    [33mstyle[39m=[32m"padding: 
12px 10px; text-align: center; 
border-bottom: 1px solid 
var(--border-light);"[39m
  [36m/>[39m

  Name "":
  [36m<td[39m
    [33mstyle[39m=[32m"padding: 
12px 10px; text-align: center; 
border-bottom: 1px solid 
var(--border-light);"[39m
  [36m/>[39m

  Name "":
  [36m<td[39m
    [33mstyle[39m=[32m"padding: 
12px 10px; text-align: center; 
border-bottom: 1px solid 
var(--border-light);"[39m
  [36m/>[39m

  Name "":
  [36m<td[39m
    [33mstyle[39m=[32m"padding: 
12px 10px; text-align: center; 
border-bottom: 1px solid 
var(--border-light);"[39m
  [36m/>[39m

  Name "":
  [36m<td[39m
    [33mstyle[39m=[32m"padding: 
12px 10px; text-align: center; 
border-bottom: 1px solid 
var(--border-light);"[39m
  [36m/>[39m

  Name "ATS Prossimamente":
  [36m<td[39m
    [33mstyle[39m=[32m"padding: 
12px 20px; border-bottom: 1px 
solid var(--border-light);"[39m
  [36m/>[39m

  Name "":
  [36m<td[39m
    [33mstyle[39m=[32m"padding: 
12px 10px; text-align: center; 
border-bottom: 1px solid 
var(--border-light);"[39m
  [36m/>[39m

  Name "":
  [36m<td[39m
    [33mstyle[39m=[32m"padding: 
12px 10px; text-align: center; 
border-bottom: 1px solid 
var(--border-light);"[39m
  [36m/>[39m

  Name "":
  [36m<td[39m
    [33mstyle[39m=[32m"padding: 
12px 10px; text-align: center; 
border-bottom: 1px solid 
var(--border-light);"[39m
  [36m/>[39m

  Name "":
  [36m<td[39m
    [33mstyle[39m=[32m"padding: 
12px 10px; text-align: center; 
border-bottom: 1px solid 
var(--border-light);"[39m
  [36m/>[39m

  Name "":
  [36m<td[39m
    [33mstyle[39m=[32m"padding: 
12px 10px; text-align: center; 
border-bottom: 1px solid 
var(--border-light);"[39m
  [36m/>[39m

  Name "Report Prossimamente":
  [36m<td[39m
    [33mstyle[39m=[32m"padding: 
12px 20px;"[39m
  [36m/>[39m

  Name "":
  [36m<td[39m
    [33mstyle[39m=[32m"padding: 
12px 10px; text-align: 
center;"[39m
  [36m/>[39m

  Name "":
  [36m<td[39m
    [33mstyle[39m=[32m"padding: 
12px 10px; text-align: 
center;"[39m
  [36m/>[39m

  Name "":
  [36m<td[39m
    [33mstyle[39m=[32m"padding: 
12px 10px; text-align: 
center;"[39m
  [36m/>[39m

  Name "":
  [36m<td[39m
    [33mstyle[39m=[32m"padding: 
12px 10px; text-align: 
center;"[39m
  [36m/>[39m

  Name "":
  [36m<td[39m
    [33mstyle[39m=[32m"padding: 
12px 10px; text-align: 
center;"[39m
  [36m/>[39m

  ---------------------------------
-----------------
  switch:

  Name "":
  [36m<button[39m
    [33maria-checked[39m=[32m"tr
ue"[39m
    [33maria-disabled[39m=[32m"f
alse"[39m
    
[33mrole[39m=[32m"switch"[39m
    
[33mstyle[39m=[32m"background: 
none; padding: 0px; cursor: 
pointer; display: inline-flex; 
align-items: center;"[39m
    
[33mtype[39m=[32m"button"[39m
  [36m/>[39m

  Name "":
  [36m<button[39m
    [33maria-checked[39m=[32m"fa
lse"[39m
    [33maria-disabled[39m=[32m"f
alse"[39m
    
[33mrole[39m=[32m"switch"[39m
    
[33mstyle[39m=[32m"background: 
none; padding: 0px; cursor: 
pointer; display: inline-flex; 
align-items: center;"[39m
    
[33mtype[39m=[32m"button"[39m
  [36m/>[39m

  Name "":
  [36m<button[39m
    [33maria-checked[39m=[32m"fa
lse"[39m
    [33maria-disabled[39m=[32m"f
alse"[39m
    
[33mrole[39m=[32m"switch"[39m
    
[33mstyle[39m=[32m"background: 
none; padding: 0px; cursor: 
pointer; display: inline-flex; 
align-items: center;"[39m
    
[33mtype[39m=[32m"button"[39m
  [36m/>[39m

  Name "":
  [36m<button[39m
    [33maria-checked[39m=[32m"fa
lse"[39m
    [33maria-disabled[39m=[32m"f
alse"[39m
    
[33mrole[39m=[32m"switch"[39m
    
[33mstyle[39m=[32m"background: 
none; padding: 0px; cursor: 
pointer; display: inline-flex; 
align-items: center;"[39m
    
[33mtype[39m=[32m"button"[39m
  [36m/>[39m

  Name "":
  [36m<button[39m
    [33maria-checked[39m=[32m"fa
lse"[39m
    [33maria-disabled[39m=[32m"t
rue"[39m
    [33mdisabled[39m=[32m""[39m
    
[33mrole[39m=[32m"switch"[39m
    
[33mstyle[39m=[32m"background: 
none; padding: 0px; cursor: 
not-allowed; display: inline-flex; 
align-items: center;"[39m
    
[33mtype[39m=[32m"button"[39m
  [36m/>[39m

  Name "":
  [36m<button[39m
    [33maria-checked[39m=[32m"tr
ue"[39m
    [33maria-disabled[39m=[32m"f
alse"[39m
    
[33mrole[39m=[32m"switch"[39m
    
[33mstyle[39m=[32m"background: 
none; padding: 0px; cursor: 
pointer; display: inline-flex; 
align-items: center;"[39m
    
[33mtype[39m=[32m"button"[39m
  [36m/>[39m

  Name "":
  [36m<button[39m
    [33maria-checked[39m=[32m"fa
lse"[39m
    [33maria-disabled[39m=[32m"f
alse"[39m
    
[33mrole[39m=[32m"switch"[39m
    
[33mstyle[39m=[32m"background: 
none; padding: 0px; cursor: 
pointer; display: inline-flex; 
align-items: center;"[39m
    
[33mtype[39m=[32m"button"[39m
  [36m/>[39m

  Name "":
  [36m<button[39m
    [33maria-checked[39m=[32m"fa
lse"[39m
    [33maria-disabled[39m=[32m"f
alse"[39m
    
[33mrole[39m=[32m"switch"[39m
    
[33mstyle[39m=[32m"background: 
none; padding: 0px; cursor: 
pointer; display: inline-flex; 
align-items: center;"[39m
    
[33mtype[39m=[32m"button"[39m
  [36m/>[39m

  Name "":
  [36m<button[39m
    [33maria-checked[39m=[32m"fa
lse"[39m
    [33maria-disabled[39m=[32m"f
alse"[39m
    
[33mrole[39m=[32m"switch"[39m
    
[33mstyle[39m=[32m"background: 
none; padding: 0px; cursor: 
pointer; display: inline-flex; 
align-items: center;"[39m
    
[33mtype[39m=[32m"button"[39m
  [36m/>[39m

  Name "":
  [36m<button[39m
    [33maria-checked[39m=[32m"fa
lse"[39m
    [33maria-disabled[39m=[32m"f
alse"[39m
    
[33mrole[39m=[32m"switch"[39m
    
[33mstyle[39m=[32m"background: 
none; padding: 0px; cursor: 
pointer; display: inline-flex; 
align-items: center;"[39m
    
[33mtype[39m=[32m"button"[39m
  [36m/>[39m

  Name "":
  [36m<button[39m
    [33maria-checked[39m=[32m"tr
ue"[39m
    [33maria-disabled[39m=[32m"f
alse"[39m
    
[33mrole[39m=[32m"switch"[39m
    
[33mstyle[39m=[32m"background: 
none; padding: 0px; cursor: 
pointer; display: inline-flex; 
align-items: center;"[39m
    
[33mtype[39m=[32m"button"[39m
  [36m/>[39m

  Name "":
  [36m<button[39m
    [33maria-checked[39m=[32m"fa
lse"[39m
    [33maria-disabled[39m=[32m"f
alse"[39m
    
[33mrole[39m=[32m"switch"[39m
    
[33mstyle[39m=[32m"background: 
none; padding: 0px; cursor: 
pointer; display: inline-flex; 
align-items: center;"[39m
    
[33mtype[39m=[32m"button"[39m
  [36m/>[39m

  Name "":
  [36m<button[39m
    [33maria-checked[39m=[32m"fa
lse"[39m
    [33maria-disabled[39m=[32m"f
alse"[39m
    
[33mrole[39m=[32m"switch"[39m
    
[33mstyle[39m=[32m"background: 
none; padding: 0px; cursor: 
pointer; display: inline-flex; 
align-items: center;"[39m
    
[33mtype[39m=[32m"button"[39m
  [36m/>[39m

  Name "":
  [36m<button[39m
    [33maria-checked[39m=[32m"fa
lse"[39m
    [33maria-disabled[39m=[32m"f
alse"[39m
    
[33mrole[39m=[32m"switch"[39m
    
[33mstyle[39m=[32m"background: 
none; padding: 0px; cursor: 
pointer; display: inline-flex; 
align-items: center;"[39m
    
[33mtype[39m=[32m"button"[39m
  [36m/>[39m

  Name "":
  [36m<button[39m
    [33maria-checked[39m=[32m"fa
lse"[39m
    [33maria-disabled[39m=[32m"f
alse"[39m
    
[33mrole[39m=[32m"switch"[39m
    
[33mstyle[39m=[32m"background: 
none; padding: 0px; cursor: 
pointer; display: inline-flex; 
align-items: center;"[39m
    
[33mtype[39m=[32m"button"[39m
  [36m/>[39m

  Name "":
  [36m<button[39m
    [33maria-checked[39m=[32m"fa
lse"[39m
    [33maria-disabled[39m=[32m"f
alse"[39m
    
[33mrole[39m=[32m"switch"[39m
    
[33mstyle[39m=[32m"background: 
none; padding: 0px; cursor: 
pointer; display: inline-flex; 
align-items: center;"[39m
    
[33mtype[39m=[32m"button"[39m
  [36m/>[39m

  Name "":
  [36m<button[39m
    [33maria-checked[39m=[32m"fa
lse"[39m
    [33maria-disabled[39m=[32m"f
alse"[39m
    
[33mrole[39m=[32m"switch"[39m
    
[33mstyle[39m=[32m"background: 
none; padding: 0px; cursor: 
pointer; display: inline-flex; 
align-items: center;"[39m
    
[33mtype[39m=[32m"button"[39m
  [36m/>[39m

  Name "":
  [36m<button[39m
    [33maria-checked[39m=[32m"fa
lse"[39m
    [33maria-disabled[39m=[32m"f
alse"[39m
    
[33mrole[39m=[32m"switch"[39m
    
[33mstyle[39m=[32m"background: 
none; padding: 0px; cursor: 
pointer; display: inline-flex; 
align-items: center;"[39m
    
[33mtype[39m=[32m"button"[39m
  [36m/>[39m

  Name "":
  [36m<button[39m
    [33maria-checked[39m=[32m"fa
lse"[39m
    [33maria-disabled[39m=[32m"f
alse"[39m
    
[33mrole[39m=[32m"switch"[39m
    
[33mstyle[39m=[32m"background: 
none; padding: 0px; cursor: 
pointer; display: inline-flex; 
align-items: center;"[39m
    
[33mtype[39m=[32m"button"[39m
  [36m/>[39m

  Name "":
  [36m<button[39m
    [33maria-checked[39m=[32m"fa
lse"[39m
    [33maria-disabled[39m=[32m"t
rue"[39m
    [33mdisabled[39m=[32m""[39m
    
[33mrole[39m=[32m"switch"[39m
    
[33mstyle[39m=[32m"background: 
none; padding: 0px; cursor: 
not-allowed; display: inline-flex; 
align-items: center;"[39m
    
[33mtype[39m=[32m"button"[39m
  [36m/>[39m

  Name "":
  [36m<button[39m
    [33maria-checked[39m=[32m"tr
ue"[39m
    [33maria-disabled[39m=[32m"f
alse"[39m
    
[33mrole[39m=[32m"switch"[39m
    
[33mstyle[39m=[32m"background: 
none; padding: 0px; cursor: 
pointer; display: inline-flex; 
align-items: center;"[39m
    
[33mtype[39m=[32m"button"[39m
  [36m/>[39m

  Name "":
  [36m<button[39m
    [33maria-checked[39m=[32m"fa
lse"[39m
    [33maria-disabled[39m=[32m"f
alse"[39m
    
[33mrole[39m=[32m"switch"[39m
    
[33mstyle[39m=[32m"background: 
none; padding: 0px; cursor: 
pointer; display: inline-flex; 
align-items: center;"[39m
    
[33mtype[39m=[32m"button"[39m
  [36m/>[39m

  Name "":
  [36m<button[39m
    [33maria-checked[39m=[32m"fa
lse"[39m
    [33maria-disabled[39m=[32m"f
alse"[39m
    
[33mrole[39m=[32m"switch"[39m
    
[33mstyle[39m=[32m"background: 
none; padding: 0px; cursor: 
pointer; display: inline-flex; 
align-items: center;"[39m
    
[33mtype[39m=[32m"button"[39m
  [36m/>[39m

  Name "":
  [36m<button[39m
    [33maria-checked[39m=[32m"fa
lse"[39m
    [33maria-disabled[39m=[32m"f
alse"[39m
    
[33mrole[39m=[32m"switch"[39m
    
[33mstyle[39m=[32m"background: 
none; padding: 0px; cursor: 
pointer; display: inline-flex; 
align-items: center;"[39m
    
[33mtype[39m=[32m"button"[39m
  [36m/>[39m

  Name "":
  [36m<button[39m
    [33maria-checked[39m=[32m"fa
lse"[39m
    [33maria-disabled[39m=[32m"f
alse"[39m
    
[33mrole[39m=[32m"switch"[39m
    
[33mstyle[39m=[32m"background: 
none; padding: 0px; cursor: 
pointer; display: inline-flex; 
align-items: center;"[39m
    
[33mtype[39m=[32m"button"[39m
  [36m/>[39m

  Name "":
  [36m<button[39m
    [33maria-checked[39m=[32m"tr
ue"[39m
    [33maria-disabled[39m=[32m"f
alse"[39m
    
[33mrole[39m=[32m"switch"[39m
    
[33mstyle[39m=[32m"background: 
none; padding: 0px; cursor: 
pointer; display: inline-flex; 
align-items: center;"[39m
    
[33mtype[39m=[32m"button"[39m
  [36m/>[39m

  Name "":
  [36m<button[39m
    [33maria-checked[39m=[32m"fa
lse"[39m
    [33maria-disabled[39m=[32m"f
alse"[39m
    
[33mrole[39m=[32m"switch"[39m
    
[33mstyle[39m=[32m"background: 
none; padding: 0px; cursor: 
pointer; display: inline-flex; 
align-items: center;"[39m
    
[33mtype[39m=[32m"button"[39m
  [36m/>[39m

  Name "":
  [36m<button[39m
    [33maria-checked[39m=[32m"fa
lse"[39m
    [33maria-disabled[39m=[32m"f
alse"[39m
    
[33mrole[39m=[32m"switch"[39m
    
[33mstyle[39m=[32m"background: 
none; padding: 0px; cursor: 
pointer; display: inline-flex; 
align-items: center;"[39m
    
[33mtype[39m=[32m"button"[39m
  [36m/>[39m

  Name "":
  [36m<button[39m
    [33maria-checked[39m=[32m"fa
lse"[39m
    [33maria-disabled[39m=[32m"f
alse"[39m
    
[33mrole[39m=[32m"switch"[39m
    
[33mstyle[39m=[32m"background: 
none; padding: 0px; cursor: 
pointer; display: inline-flex; 
align-items: center;"[39m
    
[33mtype[39m=[32m"button"[39m
  [36m/>[39m

  Name "":
  [36m<button[39m
    [33maria-checked[39m=[32m"fa
lse"[39m
    [33maria-disabled[39m=[32m"t
rue"[39m
    [33mdisabled[39m=[32m""[39m
    
[33mrole[39m=[32m"switch"[39m
    
[33mstyle[39m=[32m"background: 
none; padding: 0px; cursor: 
not-allowed; display: inline-flex; 
align-items: center;"[39m
    
[33mtype[39m=[32m"button"[39m
  [36m/>[39m

  Name "":
  [36m<button[39m
    [33maria-checked[39m=[32m"tr
ue"[39m
    [33maria-disabled[39m=[32m"f
alse"[39m
    
[33mrole[39m=[32m"switch"[39m
    
[33mstyle[39m=[32m"background: 
none; padding: 0px; cursor: 
pointer; display: inline-flex; 
align-items: center;"[39m
    
[33mtype[39m=[32m"button"[39m
  [36m/>[39m

  Name "":
  [36m<button[39m
    [33maria-checked[39m=[32m"fa
lse"[39m
    [33maria-disabled[39m=[32m"f
alse"[39m
    
[33mrole[39m=[32m"switch"[39m
    
[33mstyle[39m=[32m"background: 
none; padding: 0px; cursor: 
pointer; display: inline-flex; 
align-items: center;"[39m
    
[33mtype[39m=[32m"button"[39m
  [36m/>[39m

  Name "":
  [36m<button[39m
    [33maria-checked[39m=[32m"fa
lse"[39m
    [33maria-disabled[39m=[32m"f
alse"[39m
    
[33mrole[39m=[32m"switch"[39m
    
[33mstyle[39m=[32m"background: 
none; padding: 0px; cursor: 
pointer; display: inline-flex; 
align-items: center;"[39m
    
[33mtype[39m=[32m"button"[39m
  [36m/>[39m

  Name "":
  [36m<button[39m
    [33maria-checked[39m=[32m"fa
lse"[39m
    [33maria-disabled[39m=[32m"f
alse"[39m
    
[33mrole[39m=[32m"switch"[39m
    
[33mstyle[39m=[32m"background: 
none; padding: 0px; cursor: 
pointer; display: inline-flex; 
align-items: center;"[39m
    
[33mtype[39m=[32m"button"[39m
  [36m/>[39m

  Name "":
  [36m<button[39m
    [33maria-checked[39m=[32m"fa
lse"[39m
    [33maria-disabled[39m=[32m"f
alse"[39m
    
[33mrole[39m=[32m"switch"[39m
    
[33mstyle[39m=[32m"background: 
none; padding: 0px; cursor: 
pointer; display: inline-flex; 
align-items: center;"[39m
    
[33mtype[39m=[32m"button"[39m
  [36m/>[39m

  Name "":
  [36m<button[39m
    [33maria-checked[39m=[32m"tr
ue"[39m
    [33maria-disabled[39m=[32m"f
alse"[39m
    
[33mrole[39m=[32m"switch"[39m
    
[33mstyle[39m=[32m"background: 
none; padding: 0px; cursor: 
pointer; display: inline-flex; 
align-items: center;"[39m
    
[33mtype[39m=[32m"button"[39m
  [36m/>[39m

  Name "":
  [36m<button[39m
    [33maria-checked[39m=[32m"fa
lse"[39m
    [33maria-disabled[39m=[32m"f
alse"[39m
    
[33mrole[39m=[32m"switch"[39m
    
[33mstyle[39m=[32m"background: 
none; padding: 0px; cursor: 
pointer; display: inline-flex; 
align-items: center;"[39m
    
[33mtype[39m=[32m"button"[39m
  [36m/>[39m

  Name "":
  [36m<button[39m
    [33maria-checked[39m=[32m"fa
lse"[39m
    [33maria-disabled[39m=[32m"f
alse"[39m
    
[33mrole[39m=[32m"switch"[39m
    
[33mstyle[39m=[32m"background: 
none; padding: 0px; cursor: 
pointer; display: inline-flex; 
align-items: center;"[39m
    
[33mtype[39m=[32m"button"[39m
  [36m/>[39m

  Name "":
  [36m<button[39m
    [33maria-checked[39m=[32m"fa
lse"[39m
    [33maria-disabled[39m=[32m"t
rue"[39m
    [33mdisabled[39m=[32m""[39m
    
[33mrole[39m=[32m"switch"[39m
    
[33mstyle[39m=[32m"background: 
none; padding: 0px; cursor: 
not-allowed; display: inline-flex; 
align-items: center;"[39m
    
[33mtype[39m=[32m"button"[39m
  [36m/>[39m

  Name "":
  [36m<button[39m
    [33maria-checked[39m=[32m"fa
lse"[39m
    [33maria-disabled[39m=[32m"t
rue"[39m
    [33mdisabled[39m=[32m""[39m
    
[33mrole[39m=[32m"switch"[39m
    
[33mstyle[39m=[32m"background: 
none; padding: 0px; cursor: 
not-allowed; display: inline-flex; 
align-items: center;"[39m
    
[33mtype[39m=[32m"button"[39m
  [36m/>[39m

  Name "":
  [36m<button[39m
    [33maria-checked[39m=[32m"fa
lse"[39m
    [33maria-disabled[39m=[32m"t
rue"[39m
    [33mdisabled[39m=[32m""[39m
    
[33mrole[39m=[32m"switch"[39m
    
[33mstyle[39m=[32m"background: 
none; padding: 0px; cursor: 
not-allowed; display: inline-flex; 
align-items: center;"[39m
    
[33mtype[39m=[32m"button"[39m
  [36m/>[39m

  Name "":
  [36m<button[39m
    [33maria-checked[39m=[32m"fa
lse"[39m
    [33maria-disabled[39m=[32m"t
rue"[39m
    [33mdisabled[39m=[32m""[39m
    
[33mrole[39m=[32m"switch"[39m
    
[33mstyle[39m=[32m"background: 
none; padding: 0px; cursor: 
not-allowed; display: inline-flex; 
align-items: center;"[39m
    
[33mtype[39m=[32m"button"[39m
  [36m/>[39m

  Name "":
  [36m<button[39m
    [33maria-checked[39m=[32m"fa
lse"[39m
    [33maria-disabled[39m=[32m"t
rue"[39m
    [33mdisabled[39m=[32m""[39m
    
[33mrole[39m=[32m"switch"[39m
    
[33mstyle[39m=[32m"background: 
none; padding: 0px; cursor: 
not-allowed; display: inline-flex; 
align-items: center;"[39m
    
[33mtype[39m=[32m"button"[39m
  [36m/>[39m

  Name "":
  [36m<button[39m
    [33maria-checked[39m=[32m"fa
lse"[39m
    [33maria-disabled[39m=[32m"t
rue"[39m
    [33mdisabled[39m=[32m""[39m
    
[33mrole[39m=[32m"switch"[39m
    
[33mstyle[39m=[32m"background: 
none; padding: 0px; cursor: 
not-allowed; display: inline-flex; 
align-items: center;"[39m
    
[33mtype[39m=[32m"button"[39m
  [36m/>[39m

  Name "":
  [36m<button[39m
    [33maria-checked[39m=[32m"fa
lse"[39m
    [33maria-disabled[39m=[32m"t
rue"[39m
    [33mdisabled[39m=[32m""[39m
    
[33mrole[39m=[32m"switch"[39m
    
[33mstyle[39m=[32m"background: 
none; padding: 0px; cursor: 
not-allowed; display: inline-flex; 
align-items: center;"[39m
    
[33mtype[39m=[32m"button"[39m
  [36m/>[39m

  Name "":
  [36m<button[39m
    [33maria-checked[39m=[32m"fa
lse"[39m
    [33maria-disabled[39m=[32m"t
rue"[39m
    [33mdisabled[39m=[32m""[39m
    
[33mrole[39m=[32m"switch"[39m
    
[33mstyle[39m=[32m"background: 
none; padding: 0px; cursor: 
not-allowed; display: inline-flex; 
align-items: center;"[39m
    
[33mtype[39m=[32m"button"[39m
  [36m/>[39m

  Name "":
  [36m<button[39m
    [33maria-checked[39m=[32m"fa
lse"[39m
    [33maria-disabled[39m=[32m"t
rue"[39m
    [33mdisabled[39m=[32m""[39m
    
[33mrole[39m=[32m"switch"[39m
    
[33mstyle[39m=[32m"background: 
none; padding: 0px; cursor: 
not-allowed; display: inline-flex; 
align-items: center;"[39m
    
[33mtype[39m=[32m"button"[39m
  [36m/>[39m

  Name "":
  [36m<button[39m
    [33maria-checked[39m=[32m"fa
lse"[39m
    [33maria-disabled[39m=[32m"t
rue"[39m
    [33mdisabled[39m=[32m""[39m
    
[33mrole[39m=[32m"switch"[39m
    
[33mstyle[39m=[32m"background: 
none; padding: 0px; cursor: 
not-allowed; display: inline-flex; 
align-items: center;"[39m
    
[33mtype[39m=[32m"button"[39m
  [36m/>[39m

  Name "":
  [36m<button[39m
    [33maria-checked[39m=[32m"fa
lse"[39m
    [33maria-disabled[39m=[32m"t
rue"[39m
    [33mdisabled[39m=[32m""[39m
    
[33mrole[39m=[32m"switch"[39m
    
[33mstyle[39m=[32m"background: 
none; padding: 0px; cursor: 
not-allowed; display: inline-flex; 
align-items: center;"[39m
    
[33mtype[39m=[32m"button"[39m
  [36m/>[39m

  Name "":
  [36m<button[39m
    [33maria-checked[39m=[32m"fa
lse"[39m
    [33maria-disabled[39m=[32m"t
rue"[39m
    [33mdisabled[39m=[32m""[39m
    
[33mrole[39m=[32m"switch"[39m
    
[33mstyle[39m=[32m"background: 
none; padding: 0px; cursor: 
not-allowed; display: inline-flex; 
align-items: center;"[39m
    
[33mtype[39m=[32m"button"[39m
  [36m/>[39m

  Name "":
  [36m<button[39m
    [33maria-checked[39m=[32m"fa
lse"[39m
    [33maria-disabled[39m=[32m"t
rue"[39m
    [33mdisabled[39m=[32m""[39m
    
[33mrole[39m=[32m"switch"[39m
    
[33mstyle[39m=[32m"background: 
none; padding: 0px; cursor: 
not-allowed; display: inline-flex; 
align-items: center;"[39m
    
[33mtype[39m=[32m"button"[39m
  [36m/>[39m

  Name "":
  [36m<button[39m
    [33maria-checked[39m=[32m"fa
lse"[39m
    [33maria-disabled[39m=[32m"t
rue"[39m
    [33mdisabled[39m=[32m""[39m
    
[33mrole[39m=[32m"switch"[39m
    
[33mstyle[39m=[32m"background: 
none; padding: 0px; cursor: 
not-allowed; display: inline-flex; 
align-items: center;"[39m
    
[33mtype[39m=[32m"button"[39m
  [36m/>[39m

  Name "":
  [36m<button[39m
    [33maria-checked[39m=[32m"fa
lse"[39m
    [33maria-disabled[39m=[32m"t
rue"[39m
    [33mdisabled[39m=[32m""[39m
    
[33mrole[39m=[32m"switch"[39m
    
[33mstyle[39m=[32m"background: 
none; padding: 0px; cursor: 
not-allowed; display: inline-flex; 
align-items: center;"[39m
    
[33mtype[39m=[32m"button"[39m
  [36m/>[39m

  Name "":
  [36m<button[39m
    [33maria-checked[39m=[32m"fa
lse"[39m
    [33maria-disabled[39m=[32m"t
rue"[39m
    [33mdisabled[39m=[32m""[39m
    
[33mrole[39m=[32m"switch"[39m
    
[33mstyle[39m=[32m"background: 
none; padding: 0px; cursor: 
not-allowed; display: inline-flex; 
align-items: center;"[39m
    
[33mtype[39m=[32m"button"[39m
  [36m/>[39m

  Name "":
  [36m<button[39m
    [33maria-checked[39m=[32m"fa
lse"[39m
    [33maria-disabled[39m=[32m"t
rue"[39m
    [33mdisabled[39m=[32m""[39m
    
[33mrole[39m=[32m"switch"[39m
    
[33mstyle[39m=[32m"background: 
none; padding: 0px; cursor: 
not-allowed; display: inline-flex; 
align-items: center;"[39m
    
[33mtype[39m=[32m"button"[39m
  [36m/>[39m

  ---------------------------------
-----------------

Ignored nodes: comments, script, 
style
[36m<body>[39m
  [36m<div>[39m
    [36m<div[39m
      [33mclass[39m=[32m"page-en
ter"[39m
      
[33mstyle[39m=[32m"font-family: 
var(--font-body); max-width: 
1100px; margin: 0px auto;"[39m
    [36m>[39m
      [36m<div[39m
        [33mstyle[39m=[32m"margi
n-bottom: 24px;"[39m
      [36m>[39m
        [36m<h1[39m
          
[33mstyle[39m=[32m"font-size: 
24px; font-weight: 800; color: 
var(--text-primary); 
margin-bottom: 4px; font-family: 
var(--font-display); 
letter-spacing: -0.02em;"[39m
        [36m>[39m
          [0mGestione Permessi[0m
        [36m</h1>[39m
        [36m<p[39m
          
[33mstyle[39m=[32m"font-size: 
13px; color: var(--text-muted); 
margin: 0px;"[39m
        [36m>[39m
          [0mConfigura i permessi 
di accesso ai moduli per ogni 
ruolo.[0m
        [36m</p>[39m
      [36m</div>[39m
      [36m<div[39m
        [33mstyle[39m=[32m"margi
n-bottom: 20px; overflow-x: 
auto;"[39m
      [36m>[39m
        [36m<div[39m
          
[33mstyle[39m=[32m"display: 
flex; gap: 6px; flex-wrap: 
wrap;"[39m
        [36m>[39m
          [36m<button[39m
            
[33mstyle[39m=[32m"padding: 7px 
16px; border-radius: 8px; border: 
1.5px solid var(--primary); 
background: var(--primary); color: 
rgb(255, 255, 255); font-size: 
13px; font-weight: 700; cursor: 
pointer; transition: all 0.15s; 
white-space: nowrap; font-family: 
var(--font-body); box-shadow: 0 
2px 8px rgba(13,33,55,0.18);"[39m
          [36m>[39m
            [0mAlpha[0m
          [36m</button>[39m
          [36m<button[39m
            
[33mstyle[39m=[32m"padding: 7px 
16px; border-radius: 8px; border: 
1.5px solid var(--border); 
background: var(--surface); color: 
var(--text-secondary); font-size: 
13px; font-weight: 500; cursor: 
pointer; transition: all 0.15s; 
white-space: nowrap; font-family: 
var(--font-body); box-shadow: 
none;"[39m
          [36m>[39m
            [0mBeta[0m
          [36m</button>[39m
        [36m</div>[39m
      [36m</div>[39m
      [36m<div[39m
        
[33mstyle[39m=[32m"background: 
var(--surface); border: 1px solid 
var(--border); border-radius: 
var(--radius-lg); overflow: auto; 
box-shadow: var(--shadow-sm);"[39m
      [36m>[39m
        [36m<table[39m
          
[33mstyle[39m=[32m"width: 100%; 
border-collapse: collapse; 
min-width: 600px;"[39m
        [36m>[39m
          [36m<thead>[39m
            [36m<tr>[39m
              [36m<th[39m
                
[33mstyle[39m=[32m"padding: 
16px 20px; text-align: left; 
width: 200px; font-size: 11px; 
font-weight: 700; color: 
var(--text-muted); text-transform: 
uppercase; letter-spacing: 0.07em; 
border-bottom: 2px solid 
var(--border); background: 
var(--surface-warm); white-space: 
nowrap;"[39m
              [36m>[39m
                [0mModulo[0m
              [36m</th>[39m
              [36m<th[39m
                
[33mstyle[39m=[32m"padding: 
16px 10px; text-align: center; 
font-size: 10px; font-weight: 700; 
color: var(--text-muted); 
text-transform: uppercase; 
letter-spacing: 0.06em; 
border-bottom: 2px solid 
var(--border); background: 
var(--surface-warm); white-space: 
nowrap;"[39m
              [36m>[39m
                [36m<div[39m
                  
[33mstyle[39m=[32m"display: 
flex; flex-direction: column; 
align-items: center; gap: 
5px;"[39m
                [36m>[39m
                  [36m<div[39m
                    
[33mstyle[39m=[32m"width: 28px; 
height: 28px; border-radius: 50%; 
background: rgba(201, 151, 58, 
0.094); border: 2px solid 
rgba(201, 151, 58, 0.25); display: 
flex; align-items: center; 
justify-content: center; 
font-size: 9px; font-weight: 800; 
color: rgb(201, 151, 58);"[39m
                  [36m>[39m
                    [0mAM[0m
                  [36m</div>[39m
                  [36m<span[39m
                    
[33mstyle[39m=[32m"color: 
rgb(201, 151, 58); font-weight: 
700;"[39m
                  [36m>[39m
                    
[0mAmministratore[0m
                  [36m</span>[39m
                [36m</div>[39m
              [36m</th>[39m
              [36m<th[39m
                
[33mstyle[39m=[32m"padding: 
16px 10px; text-align: center; 
font-size: 10px; font-weight: 700; 
color: var(--text-muted); 
text-transform: uppercase; 
letter-spacing: 0.06em; 
border-bottom: 2px solid 
var(--border); background: 
var(--surface-warm); white-space: 
nowrap;"[39m
              [36m>[39m
                [36m<div[39m
                  
[33mstyle[39m=[32m"display: 
flex; flex-direction: column; 
align-items: center; gap: 
5px;"[39m
                [36m>[39m
                  [36m<div[39m
                    
[33mstyle[39m=[32m"width: 28px; 
height: 28px; border-radius: 50%; 
background: rgba(2, 132, 199, 
0.094); border: 2px solid rgba(2, 
132, 199, 0.25); display: flex; 
align-items: center; 
justify-content: center; 
font-size: 9px; font-weight: 800; 
color: rgb(2, 132, 199);"[39m
                  [36m>[39m
                    [0mRI[0m
                  [36m</div>[39m
                  [36m<span[39m
                    
[33mstyle[39m=[32m"color: 
rgb(2, 132, 199); font-weight: 
700;"[39m
                  [36m>[39m
                    [0mRisorse 
Umane[0m
                  [36m</span>[39m
                [36m</div>[39m
              [36m</th>[39m
              [36m<th[39m
                
[33mstyle[39m=[32m"padding: 
16px 10px; text-align: center; 
font-size: 10px; font-weight: 700; 
color: var(--text-muted); 
text-transform: uppercase; 
letter-spacing: 0.06em; 
border-bottom: 2px solid 
var(--border); background: 
var(--surface-warm); white-space: 
nowrap;"[39m
              [36m>[39m
                [36m<div[39m
                  
[33mstyle[39m=[32m"display: 
flex; flex-direction: column; 
align-items: center; gap: 
5px;"[39m
                [36m>[39m
                  [36m<div[39m
                    
[33mstyle[39m=[32m"width: 28px; 
height: 28px; border-radius: 50%; 
background: rgba(21, 128, 61, 
0.094); border: 2px solid rgba(21, 
128, 61, 0.25); display: flex; 
align-items: center; 
justify-content: center; 
font-size: 9px; font-weight: 800; 
color: rgb(21, 128, 61);"[39m
                  [36m>[39m
                    [0mAR[0m
                  [36m</div>[39m
                  [36m<span[39m
                    
[33mstyle[39m=[32m"color: 
rgb(21, 128, 61); font-weight: 
700;"[39m
                  [36m>[39m
                    [0mArea 
Manager[0m
                  [36m</span>[39m
                [36m</div>[39m
              [36m</th>[39m
              [36m<th[39m
                
[33mstyle[39m=[32m"padding: 
16px 10px; text-align: center; 
font-size: 10px; font-weight: 700; 
color: var(--text-muted); 
text-transform: uppercase; 
letter-spacing: 0.06em; 
border-bottom: 2px solid 
var(--border); background: 
var(--surface-warm); white-space: 
nowrap;"[39m
              [36m>[39m
                [36m<div[39m
                  
[33mstyle[39m=[32m"display: 
flex; flex-directio...
[90m [2mΓ¥»[22m 
Object.getElementError node_modules
/@testing-library/dom/dist/config.j
s:[2m37:19[22m[39m
[90m [2mΓ¥»[22m node_modules/@te
sting-library/dom/dist/query-helper
s.js:[2m76:38[22m[39m
[90m [2mΓ¥»[22m node_modules/@te
sting-library/dom/dist/query-helper
s.js:[2m52:17[22m[39m
[90m [2mΓ¥»[22m node_modules/@te
sting-library/dom/dist/query-helper
s.js:[2m95:19[22m[39m
[36m [2mΓ¥»[22m src/test/permiss
ionsPanelCompanyScope.test.tsx:[2m
69:27[22m[39m
    [90m 67| [39m    
})[33m;[39m
    [90m 68| [39m
    [90m 69| [39m    
[35mconst[39m select [33m=[39m 
screen[33m.[39m[34mgetByRole[39
m([32m'combobox'[39m)[33m;[39m
    [90m   | [39m                
          [31m^[39m
    [90m 70| [39m    fireEvent[3
3m.[39m[34mchange[39m(select[33
m,[39m { target[33m:[39m { 
value[33m:[39m [32m'2'[39m } 
})[33m;[39m
    [90m 71| [39m

[31m[2mΓÄ»ΓÄ»ΓÄ»ΓÄ»ΓÄ»ΓÄ»ΓÄ»ΓÄ»ΓÄ
»ΓÄ»ΓÄ»ΓÄ»ΓÄ»ΓÄ»ΓÄ»ΓÄ»ΓÄ»ΓÄ»ΓÄ»ΓÄ»Γ
Ä»ΓÄ»ΓÄ»ΓÄ»[1/2]ΓÄ»[22m[39m

[41m[1m FAIL [22m[49m 
src/test/shiftDrawer.test.tsx[2m 
> [22mShiftDrawer ΓÇö create 
mode[2m > [22mcalls createShift 
(via onClose with true) when both 
times are valid
[31m[1mAssertionError[22m[39m: 
expected "spy" to be called at 
least once

Ignored nodes: comments, script, 
style
[36m<html>[39m
  [36m<head />[39m
  [36m<body>[39m
    [36m<div>[39m
      [36m<div[39m
        [33mclass[39m=[32m"drawe
r-backdrop"[39m
        
[33mstyle[39m=[32m"position: 
fixed; inset: 0; background: 
rgba(13, 33, 55, 0.48); z-index: 
1000;"[39m
      [36m/>[39m
      [36m<div[39m
        [33mclass[39m=[32m"drawe
r-panel"[39m
        
[33mstyle[39m=[32m"position: 
fixed; top: 0px; right: 0px; 
bottom: 0px; width: min(460px, 
100vw); background: 
var(--surface); box-shadow: -4px 0 
24px rgba(0,0,0,0.15); z-index: 
1001; display: flex; 
flex-direction: column;"[39m
      [36m>[39m
        [36m<div[39m
          
[33mstyle[39m=[32m"height: 3px; 
background: linear-gradient(90deg, 
var(--accent) 0%, var(--primary) 
100%);"[39m
        [36m/>[39m
        [36m<div[39m
          
[33mstyle[39m=[32m"padding: 
20px 24px; border-bottom: 1px 
solid var(--border); display: 
flex; align-items: center; 
justify-content: 
space-between;"[39m
        [36m>[39m
          [36m<h2[39m
            
[33mstyle[39m=[32m"font-family: 
var(--font-display); font-size: 
1.15rem; color: var(--primary); 
margin: 0px;"[39m
          [36m>[39m
            [0mNuovo turno[0m
          [36m</h2>[39m
          [36m<button[39m
            
[33mstyle[39m=[32m"background: 
none; cursor: pointer; font-size: 
1.1rem; color: var(--text-muted); 
border-radius: 6px; padding: 4px 
6px; transition: background 
0.15s;"[39m
          [36m>[39m
            [0mΓ£ò[0m
          [36m</button>[39m
        [36m</div>[39m
        [36m<form[39m
          
[33mstyle[39m=[32m"flex: 1 1 
0%; display: flex; flex-direction: 
column; overflow: hidden;"[39m
        [36m>[39m
          [36m<div[39m
            
[33mstyle[39m=[32m"flex: 1 1 
0%; overflow-y: auto; padding: 
20px 24px;"[39m
          [36m>[39m
            [36m<div[39m
              [33mstyle[39m=[32m
"margin-bottom: 16px;"[39m
            [36m>[39m
              [36m<label[39m
                
[33mstyle[39m=[32m"display: 
block; font-size: 13px; 
font-weight: 600; color: 
var(--text-secondary); 
margin-bottom: 6px;"[39m
              [36m>[39m
                [0mDipendente[0m
              [36m</label>[39m
              [36m<select[39m
                
[33mrequired[39m=[32m""[39m
                
[33mstyle[39m=[32m"width: 100%; 
padding: 9px 12px; border: 1.5px 
solid var(--border); 
border-radius: 8px; font-family: 
var(--font-body); font-size: 14px; 
background: var(--surface); color: 
var(--text-primary); box-sizing: 
border-box; outline: none; 
transition: border-color 0.15s, 
box-shadow 0.15s;"[39m
              [36m>[39m
                [36m<option[39m
                  
[33mvalue[39m=[32m""[39m
                [36m>[39m
                  [0mΓÇö 
Seleziona dipendente ΓÇö[0m
                [36m</option>[39m
              [36m</select>[39m
            [36m</div>[39m
            [36m<div[39m
              [33mstyle[39m=[32m
"margin-bottom: 16px;"[39m
            [36m>[39m
              [36m<label[39m
                
[33mstyle[39m=[32m"display: 
block; font-size: 13px; 
font-weight: 600; color: 
var(--text-secondary); 
margin-bottom: 6px;"[39m
              [36m>[39m
                [0mNegozio[0m
              [36m</label>[39m
              [36m<select[39m
                
[33mrequired[39m=[32m""[39m
                
[33mstyle[39m=[32m"width: 100%; 
padding: 9px 12px; border: 1.5px 
solid var(--border); 
border-radius: 8px; font-family: 
var(--font-body); font-size: 14px; 
background: var(--surface); color: 
var(--text-primary); box-sizing: 
border-box; outline: none; 
transition: border-color 0.15s, 
box-shadow 0.15s;"[39m
              [36m>[39m
                [36m<option[39m
                  
[33mvalue[39m=[32m""[39m
                [36m>[39m
                  [0mΓÇö 
Seleziona negozio ΓÇö[0m
                [36m</option>[39m
              [36m</select>[39m
            [36m</div>[39m
            [36m<div[39m
              [33mstyle[39m=[32m
"margin-bottom: 20px;"[39m
            [36m>[39m
              [36m<div>[39m
                [36m<label>[39m
                  [0mData[0m
                [36m</label>[39m
                [36m<input[39m
                  [33maria-label[
39m=[32m"Data"[39m
                  [33mdata-testid
[39m=[32m"datepicker"[39m
                  
[33mtype[39m=[32m"text"[39m
                  [33mvalue[39m=
[32m"2024-03-01"[39m
                [36m/>[39m
              [36m</div>[39m
            [36m</div>[39m
            [36m<div[39m
              
[33mstyle[39m=[32m"display: 
flex; align-items: center; gap: 
8px; margin-top: 18px; 
margin-bottom: 12px;"[39m
            [36m>[39m
              [36m<span[39m
                
[33mstyle[39m=[32m"font-size: 
10px; font-weight: 700; 
text-transform: uppercase; 
letter-spacing: 0.07em; color: 
var(--text-muted); white-space: 
nowrap;"[39m
              [36m>[39m
                [0mOrario 
turno[0m
              [36m</span>[39m
              [36m<div[39m
                
[33mstyle[39m=[32m"flex: 1 1 
0%; height: 1px; background: 
var(--border);"[39m
              [36m/>[39m
            [36m</div>[39m
            [36m<div[39m
              
[33mstyle[39m=[32m"display: 
grid; grid-template-columns: 1fr 
1fr; gap: 12px; margin-bottom: 
4px;"[39m
            [36m>[39m
              [36m<div>[39m
                [36m<label>[39m
                  [0mInizio[0m
                [36m</label>[39m
                [36m<input[39m

[2m Test Files [22m [1m[31m2 failed[39m[22m[2m | [22m[1m[32m9 passed[39m[22m[90m (11)[39m
[2m      Tests [22m [1m[31m2 failed[39m[22m[2m | [22m[1m[32m56 passed[39m[22m[90m (58)[39m
[2m   Start at [22m 19:01:48
[2m   Duration [22m 4.75s[2m (transform 2.22s, setup 2.21s, collect 9.75s, tests 6.39s, environment 14.26s, prepare 2.98s)[22m

                  [33maria-label[
39m=[32m"Inizio"[39m
                  [33mdata-testid
[39m=[32m"timepicker-Inizio"[39m
                  
[33mtype[39m=[32m"text"[39m
                  
[33mvalue[39m=[32m"09:00"[39m
                [36m/>[39m
              [36m</div>[39m
              [36m<div>[39m
                [36m<label>[39m
                  [0mFine[0m
                [36m</label>[39m
                [36m<input[39m
                  [33maria-label[
39m=[32m"Fine"[39m
                  [33mdata-testid
[39m=[32m"timepicker-Fine"[39m
                  
[33mtype[39m=[32m"text"[39m
                  
[33mvalue[39m=[32m"17:00"[39m
                [36m/>[39m
              [36m</div>[39m
            [36m</div>[39m
            [36m<div[39m
              
[33mstyle[39m=[32m"display: 
flex; align-items: center; gap: 
8px; margin-top: 18px; 
margin-bottom: 12px;"[39m
            [36m>[39m
              [36m<span[39m
                
[33mstyle[39m=[32m"font-size: 
10px; font-weight: 700; 
text-transform: uppercase; 
letter-spacing: 0.07em; color: 
var(--text-muted); white-space: 
nowrap;"[39m
              [36m>[39m
                [0mPausa[0m
              [36m</span>[39m
              [36m<span[39m
                
[33mstyle[39m=[32m"font-size: 
10px; color: var(--text-disabled, 
var(--text-muted)); background: 
var(--surface-warm); border: 1px 
solid var(--border); ...
[36m [2mΓ¥»[22m src/test/shiftDr
awer.test.tsx:[2m222:31[22m[39m
    [90m220| [39m
    [90m221| [39m    
[35mawait[39m 
[34mwaitFor[39m(() [33m=>[39m {
    [90m222| [39m      [34mexpec
t[39m(mockCreateShift)[33m.[39m
[34mtoHaveBeenCalled[39m()[33m;[
39m
    [90m   | [39m                
              [31m^[39m
    [90m223| [39m    
})[33m;[39m
    [90m224| [39m  })[33m;[39m
[90m [2mΓ¥»[22m runWithExpensive
ErrorDiagnosticsDisabled node_modul
es/@testing-library/dom/dist/config
.js:[2m47:12[22m[39m
[90m [2mΓ¥»[22m checkCallback no
de_modules/@testing-library/dom/dis
t/wait-for.js:[2m124:77[22m[39m
[90m [2mΓ¥»[22m 
Timeout.checkRealTimersCallback nod
e_modules/@testing-library/dom/dist
/wait-for.js:[2m118:16[22m[39m

[31m[2mΓÄ»ΓÄ»ΓÄ»ΓÄ»ΓÄ»ΓÄ»ΓÄ»ΓÄ»ΓÄ
»ΓÄ»ΓÄ»ΓÄ»ΓÄ»ΓÄ»ΓÄ»ΓÄ»ΓÄ»ΓÄ»ΓÄ»ΓÄ»Γ
Ä»ΓÄ»ΓÄ»ΓÄ»[2/2]ΓÄ»[22m[39m

