src/modules/shifts/ShiftDrawer.tsx(161,21): error TS2304: Cannot find name 'useMemo'.
src/modules/shifts/ShiftDrawer.tsx(174,37): error TS2304: Cannot find name 'useMemo'.
src/modules/shifts/ShiftDrawer.tsx(188,23): error TS2304: Cannot find name 'useMemo'.
